2025-09-18T00:11:25.563805+00:00 johnnymusk systemd-modules-load[397]: Inserted module 'lp'
2025-09-18T00:11:25.566303+00:00 johnnymusk systemd-modules-load[397]: Inserted module 'ppdev'
2025-09-18T00:11:25.566312+00:00 johnnymusk systemd-modules-load[397]: Inserted module 'parport_pc'
2025-09-18T00:11:25.566316+00:00 johnnymusk systemd-modules-load[397]: Inserted module 'msr'
2025-09-18T00:11:25.566320+00:00 johnnymusk systemd-modules-load[397]: Module 'fuse' is built in
2025-09-18T00:11:25.566324+00:00 johnnymusk systemd-modules-load[397]: Inserted module 'vmwgfx'
2025-09-18T00:11:25.566328+00:00 johnnymusk systemd[1]: Finished systemd-modules-load.service - Load Kernel Modules.
2025-09-18T00:11:25.566332+00:00 johnnymusk systemd[1]: Starting systemd-journal-flush.service - Flush Journal to Persistent Storage...
2025-09-18T00:11:25.566337+00:00 johnnymusk systemd[1]: Starting systemd-sysctl.service - Apply Kernel Variables...
2025-09-18T00:11:25.566341+00:00 johnnymusk systemd-sysusers[412]: Creating group 'gamemode' with GID 986.
2025-09-18T00:11:25.566345+00:00 johnnymusk systemd-sysusers[412]: Creating group 'gnome-initial-setup' with GID 985.
2025-09-18T00:11:25.566348+00:00 johnnymusk systemd[1]: Finished systemd-sysusers.service - Create System Users.
2025-09-18T00:11:25.566352+00:00 johnnymusk systemd[1]: Starting systemd-tmpfiles-setup-dev.service - Create Static Device Nodes in /dev...
2025-09-18T00:11:25.566355+00:00 johnnymusk systemd[1]: Finished systemd-journal-flush.service - Flush Journal to Persistent Storage.
2025-09-18T00:11:25.566361+00:00 johnnymusk systemd[1]: Finished systemd-sysctl.service - Apply Kernel Variables.
2025-09-18T00:11:25.566364+00:00 johnnymusk systemd[1]: Finished systemd-tmpfiles-setup-dev.service - Create Static Device Nodes in /dev.
2025-09-18T00:11:25.566368+00:00 johnnymusk systemd[1]: Reached target local-fs-pre.target - Preparation for Local File Systems.
2025-09-18T00:11:25.566371+00:00 johnnymusk systemd[1]: Mounting snap-bare-5.mount - Mount unit for bare, revision 5...
2025-09-18T00:11:25.566374+00:00 johnnymusk systemd[1]: Mounting snap-core22-2045.mount - Mount unit for core22, revision 2045...
2025-09-18T00:11:25.566378+00:00 johnnymusk systemd[1]: Mounting snap-firefox-6565.mount - Mount unit for firefox, revision 6565...
2025-09-18T00:11:25.566383+00:00 johnnymusk systemd[1]: Mounting snap-firmware\x2dupdater-167.mount - Mount unit for firmware-updater, revision 167...
2025-09-18T00:11:25.566387+00:00 johnnymusk systemd[1]: Mounting snap-gnome\x2d42\x2d2204-202.mount - Mount unit for gnome-42-2204, revision 202...
2025-09-18T00:11:25.566391+00:00 johnnymusk systemd[1]: Mounting snap-gtk\x2dcommon\x2dthemes-1535.mount - Mount unit for gtk-common-themes, revision 1535...
2025-09-18T00:11:25.566395+00:00 johnnymusk systemd[1]: Mounting snap-snap\x2dstore-1270.mount - Mount unit for snap-store, revision 1270...
2025-09-18T00:11:25.566399+00:00 johnnymusk systemd[1]: Mounting snap-snapd-24792.mount - Mount unit for snapd, revision 24792...
2025-09-18T00:11:25.566404+00:00 johnnymusk systemd[1]: Mounting snap-snapd\x2ddesktop\x2dintegration-315.mount - Mount unit for snapd-desktop-integration, revision 315...
2025-09-18T00:11:25.566408+00:00 johnnymusk systemd[1]: Starting systemd-udevd.service - Rule-based Manager for Device Events and Files...
2025-09-18T00:11:25.566411+00:00 johnnymusk systemd[1]: Mounted snap-bare-5.mount - Mount unit for bare, revision 5.
2025-09-18T00:11:25.566415+00:00 johnnymusk systemd[1]: Mounted snap-core22-2045.mount - Mount unit for core22, revision 2045.
2025-09-18T00:11:25.566418+00:00 johnnymusk systemd[1]: Mounted snap-firmware\x2dupdater-167.mount - Mount unit for firmware-updater, revision 167.
2025-09-18T00:11:25.566424+00:00 johnnymusk systemd[1]: Mounted snap-gnome\x2d42\x2d2204-202.mount - Mount unit for gnome-42-2204, revision 202.
2025-09-18T00:11:25.566427+00:00 johnnymusk systemd[1]: Mounted snap-snapd-24792.mount - Mount unit for snapd, revision 24792.
2025-09-18T00:11:25.566431+00:00 johnnymusk systemd[1]: Mounted snap-firefox-6565.mount - Mount unit for firefox, revision 6565.
2025-09-18T00:11:25.566434+00:00 johnnymusk systemd[1]: Mounted snap-gtk\x2dcommon\x2dthemes-1535.mount - Mount unit for gtk-common-themes, revision 1535.
2025-09-18T00:11:25.566438+00:00 johnnymusk systemd[1]: Mounted snap-snap\x2dstore-1270.mount - Mount unit for snap-store, revision 1270.
2025-09-18T00:11:25.566441+00:00 johnnymusk systemd[1]: Mounted snap-snapd\x2ddesktop\x2dintegration-315.mount - Mount unit for snapd-desktop-integration, revision 315.
2025-09-18T00:11:25.566447+00:00 johnnymusk systemd[1]: Reached target snapd.mounts.target - Mounted snaps.
2025-09-18T00:11:25.566451+00:00 johnnymusk systemd[1]: Reached target local-fs.target - Local File Systems.
2025-09-18T00:11:25.566455+00:00 johnnymusk systemd[1]: Listening on systemd-sysext.socket - System Extension Image Management (Varlink).
2025-09-18T00:11:25.566458+00:00 johnnymusk systemd[1]: Starting apparmor.service - Load AppArmor profiles...
2025-09-18T00:11:25.566462+00:00 johnnymusk systemd[1]: Starting console-setup.service - Set console font and keymap...
2025-09-18T00:11:25.566465+00:00 johnnymusk systemd[1]: Starting ldconfig.service - Rebuild Dynamic Linker Cache...
2025-09-18T00:11:25.566470+00:00 johnnymusk systemd[1]: Starting plymouth-read-write.service - Tell Plymouth To Write Out Runtime Data...
2025-09-18T00:11:25.566474+00:00 johnnymusk systemd[1]: Starting systemd-binfmt.service - Set Up Additional Binary Formats...
2025-09-18T00:11:25.566478+00:00 johnnymusk apparmor.systemd[472]: Restarting AppArmor
2025-09-18T00:11:25.566481+00:00 johnnymusk systemd[1]: Starting systemd-tmpfiles-setup.service - Create Volatile Files and Directories...
2025-09-18T00:11:25.566485+00:00 johnnymusk apparmor.systemd[472]: Reloading AppArmor profiles
2025-09-18T00:11:25.566489+00:00 johnnymusk systemd[1]: Starting ufw.service - Uncomplicated firewall...
2025-09-18T00:11:25.566495+00:00 johnnymusk systemd[1]: Finished console-setup.service - Set console font and keymap.
2025-09-18T00:11:25.566498+00:00 johnnymusk systemd[1]: Received SIGRTMIN+20 from PID 304 (plymouthd).
2025-09-18T00:11:25.566502+00:00 johnnymusk systemd[1]: Finished plymouth-read-write.service - Tell Plymouth To Write Out Runtime Data.
2025-09-18T00:11:25.566506+00:00 johnnymusk systemd-udevd[462]: Using default interface naming scheme 'v255'.
2025-09-18T00:11:25.566509+00:00 johnnymusk systemd[1]: proc-sys-fs-binfmt_misc.automount: Got automount request for /proc/sys/fs/binfmt_misc, triggered by 477 (systemd-binfmt)
2025-09-18T00:11:25.566513+00:00 johnnymusk systemd[1]: Finished ufw.service - Uncomplicated firewall.
2025-09-18T00:11:25.566518+00:00 johnnymusk systemd[1]: Finished systemd-tmpfiles-setup.service - Create Volatile Files and Directories.
2025-09-18T00:11:25.566522+00:00 johnnymusk systemd[1]: systemd-firstboot.service - First Boot Wizard was skipped because of an unmet condition check (ConditionFirstBoot=yes).
2025-09-18T00:11:25.566525+00:00 johnnymusk systemd[1]: first-boot-complete.target - First Boot Complete was skipped because of an unmet condition check (ConditionFirstBoot=yes).
2025-09-18T00:11:25.566529+00:00 johnnymusk systemd[1]: Starting systemd-journal-catalog-update.service - Rebuild Journal Catalog...
2025-09-18T00:11:25.566533+00:00 johnnymusk systemd[1]: systemd-machine-id-commit.service - Commit a transient machine-id on disk was skipped because of an unmet condition check (ConditionPathIsMountPoint=/etc/machine-id).
2025-09-18T00:11:25.566538+00:00 johnnymusk systemd[1]: Starting systemd-oomd.service - Userspace Out-Of-Memory (OOM) Killer...
2025-09-18T00:11:25.566541+00:00 johnnymusk systemd[1]: Starting systemd-resolved.service - Network Name Resolution...
2025-09-18T00:11:25.566545+00:00 johnnymusk systemd[1]: Starting systemd-timesyncd.service - Network Time Synchronization...
2025-09-18T00:11:25.566548+00:00 johnnymusk systemd[1]: Starting systemd-update-utmp.service - Record System Boot/Shutdown in UTMP...
2025-09-18T00:11:25.566552+00:00 johnnymusk systemd[1]: Finished ldconfig.service - Rebuild Dynamic Linker Cache.
2025-09-18T00:11:25.566556+00:00 johnnymusk systemd[1]: Finished systemd-journal-catalog-update.service - Rebuild Journal Catalog.
2025-09-18T00:11:25.566561+00:00 johnnymusk systemd[1]: Starting systemd-update-done.service - Update is Completed...
2025-09-18T00:11:25.566564+00:00 johnnymusk systemd[1]: Started systemd-udevd.service - Rule-based Manager for Device Events and Files.
2025-09-18T00:11:25.566568+00:00 johnnymusk systemd[1]: Finished systemd-update-utmp.service - Record System Boot/Shutdown in UTMP.
2025-09-18T00:11:25.566571+00:00 johnnymusk systemd[1]: Finished systemd-update-done.service - Update is Completed.
2025-09-18T00:11:25.566575+00:00 johnnymusk systemd[1]: Finished systemd-udev-trigger.service - Coldplug All udev Devices.
2025-09-18T00:11:25.566609+00:00 johnnymusk systemd[1]: Starting plymouth-start.service - Show Plymouth Boot Screen...
2025-09-18T00:11:25.566614+00:00 johnnymusk systemd[1]: Started plymouth-start.service - Show Plymouth Boot Screen.
2025-09-18T00:11:25.566618+00:00 johnnymusk systemd[1]: systemd-ask-password-console.path - Dispatch Password Requests to Console Directory Watch was skipped because of an unmet condition check (ConditionPathExists=!/run/plymouth/pid).
2025-09-18T00:11:25.566622+00:00 johnnymusk systemd[1]: Started systemd-ask-password-plymouth.path - Forward Password Requests to Plymouth Directory Watch.
2025-09-18T00:11:25.566625+00:00 johnnymusk systemd[1]: Reached target cryptsetup.target - Local Encrypted Volumes.
2025-09-18T00:11:25.566629+00:00 johnnymusk mtp-probe: checking bus 1, device 2: "/sys/devices/pci0000:00/0000:00:11.0/0000:02:00.0/usb1/1-1"
2025-09-18T00:11:25.566635+00:00 johnnymusk mtp-probe: bus: 1, device: 2 was not an MTP device
2025-09-18T00:11:25.566640+00:00 johnnymusk systemd[1]: Mounting proc-sys-fs-binfmt_misc.mount - Arbitrary Executable File Formats File System...
2025-09-18T00:11:25.566644+00:00 johnnymusk systemd[1]: Mounted proc-sys-fs-binfmt_misc.mount - Arbitrary Executable File Formats File System.
2025-09-18T00:11:25.566648+00:00 johnnymusk systemd[1]: proc-sys-fs-binfmt_misc.automount: Got automount request for /proc/sys/fs/binfmt_misc, triggered by 514 ((resolved))
2025-09-18T00:11:25.566651+00:00 johnnymusk systemd[1]: proc-sys-fs-binfmt_misc.automount: Automount point already active?
2025-09-18T00:11:25.566655+00:00 johnnymusk systemd[1]: Finished systemd-binfmt.service - Set Up Additional Binary Formats.
2025-09-18T00:11:25.566660+00:00 johnnymusk systemd[1]: proc-sys-fs-binfmt_misc.automount: Got automount request for /proc/sys/fs/binfmt_misc, triggered by 519 ((imesyncd))
2025-09-18T00:11:25.566663+00:00 johnnymusk systemd[1]: proc-sys-fs-binfmt_misc.automount: Automount point already active?
2025-09-18T00:11:25.566667+00:00 johnnymusk systemd[1]: Started systemd-timesyncd.service - Network Time Synchronization.
2025-09-18T00:11:25.566671+00:00 johnnymusk systemd-resolved[514]: Positive Trust Anchors:
2025-09-18T00:11:25.566675+00:00 johnnymusk systemd-resolved[514]: . IN DS 20326 8 2 e06d44b80b8f1d39a95c0b0d7c65d08458e880409bbc683457104237c7f8ec8d
2025-09-18T00:11:25.566678+00:00 johnnymusk systemd-resolved[514]: Negative trust anchors: home.arpa 10.in-addr.arpa 16.172.in-addr.arpa 17.172.in-addr.arpa 18.172.in-addr.arpa 19.172.in-addr.arpa 20.172.in-addr.arpa 21.172.in-addr.arpa 22.172.in-addr.arpa 23.172.in-addr.arpa 24.172.in-addr.arpa 25.172.in-addr.arpa 26.172.in-addr.arpa 27.172.in-addr.arpa 28.172.in-addr.arpa 29.172.in-addr.arpa 30.172.in-addr.arpa 31.172.in-addr.arpa 170.0.0.192.in-addr.arpa 171.0.0.192.in-addr.arpa 168.192.in-addr.arpa d.f.ip6.arpa ipv4only.arpa corp home internal intranet lan local private test
2025-09-18T00:11:25.566684+00:00 johnnymusk systemd[1]: Reached target time-set.target - System Time Set.
2025-09-18T00:11:25.566687+00:00 johnnymusk systemd[1]: Started systemd-oomd.service - Userspace Out-Of-Memory (OOM) Killer.
2025-09-18T00:11:25.566691+00:00 johnnymusk systemd-resolved[514]: Using system hostname 'johnnymusk'.
2025-09-18T00:11:25.566694+00:00 johnnymusk systemd[1]: Started systemd-resolved.service - Network Name Resolution.
2025-09-18T00:11:25.566698+00:00 johnnymusk systemd[1]: Reached target nss-lookup.target - Host and Network Name Lookups.
2025-09-18T00:11:25.566703+00:00 johnnymusk systemd[1]: Listening on systemd-rfkill.socket - Load/Save RF Kill Switch Status /dev/rfkill Watch.
2025-09-18T00:11:25.566717+00:00 johnnymusk (udev-worker)[539]: id: Truncating stdout of 'dmi_memory_id' up to 16384 byte.
2025-09-18T00:11:25.566721+00:00 johnnymusk apparmor.systemd[1040]: Warning: found usr.sbin.sssd in /etc/apparmor.d/force-complain, forcing complain mode
2025-09-18T00:11:25.566725+00:00 johnnymusk apparmor.systemd[1040]: Warning from /etc/apparmor.d (/etc/apparmor.d/usr.sbin.sssd line 63): Caching disabled for: 'usr.sbin.sssd' due to force complain
2025-09-18T00:11:25.566730+00:00 johnnymusk (udev-worker)[579]: controlC0: Process '/usr/sbin/alsactl -E HOME=/run/alsa -E XDG_RUNTIME_DIR=/run/alsa/runtime restore 0' failed with exit code 2.
2025-09-18T00:11:25.566734+00:00 johnnymusk systemd[1]: systemd-ask-password-console.path - Dispatch Password Requests to Console Directory Watch was skipped because of an unmet condition check (ConditionPathExists=!/run/plymouth/pid).
2025-09-18T00:11:25.566740+00:00 johnnymusk systemd[1]: Starting modprobe@dm_mod.service - Load Kernel Module dm_mod...
2025-09-18T00:11:25.566743+00:00 johnnymusk systemd[1]: Starting modprobe@efi_pstore.service - Load Kernel Module efi_pstore...
2025-09-18T00:11:25.566747+00:00 johnnymusk systemd[1]: Starting modprobe@loop.service - Load Kernel Module loop...
2025-09-18T00:11:25.566750+00:00 johnnymusk systemd[1]: systemd-firstboot.service - First Boot Wizard was skipped because of an unmet condition check (ConditionFirstBoot=yes).
2025-09-18T00:11:25.566754+00:00 johnnymusk systemd[1]: first-boot-complete.target - First Boot Complete was skipped because of an unmet condition check (ConditionFirstBoot=yes).
2025-09-18T00:11:25.566759+00:00 johnnymusk systemd[1]: systemd-hwdb-update.service - Rebuild Hardware Database was skipped because of an unmet condition check (ConditionNeedsUpdate=/etc).
2025-09-18T00:11:25.566763+00:00 johnnymusk systemd[1]: systemd-machine-id-commit.service - Commit a transient machine-id on disk was skipped because of an unmet condition check (ConditionPathIsMountPoint=/etc/machine-id).
2025-09-18T00:11:25.566766+00:00 johnnymusk systemd[1]: systemd-pcrmachine.service - TPM2 PCR Machine ID Measurement was skipped because of an unmet condition check (ConditionSecurity=measured-uki).
2025-09-18T00:11:25.566770+00:00 johnnymusk systemd[1]: systemd-tpm2-setup-early.service - TPM2 SRK Setup (Early) was skipped because of an unmet condition check (ConditionSecurity=measured-uki).
2025-09-18T00:11:25.566773+00:00 johnnymusk systemd[1]: systemd-tpm2-setup.service - TPM2 SRK Setup was skipped because of an unmet condition check (ConditionSecurity=measured-uki).
2025-09-18T00:11:25.566779+00:00 johnnymusk systemd[1]: modprobe@dm_mod.service: Deactivated successfully.
2025-09-18T00:11:25.566782+00:00 johnnymusk systemd[1]: Finished modprobe@dm_mod.service - Load Kernel Module dm_mod.
2025-09-18T00:11:25.566785+00:00 johnnymusk systemd[1]: modprobe@efi_pstore.service: Deactivated successfully.
2025-09-18T00:11:25.566789+00:00 johnnymusk systemd[1]: Finished modprobe@efi_pstore.service - Load Kernel Module efi_pstore.
2025-09-18T00:11:25.566792+00:00 johnnymusk systemd[1]: systemd-pstore.service - Platform Persistent Storage Archival was skipped because of an unmet condition check (ConditionDirectoryNotEmpty=/sys/fs/pstore).
2025-09-18T00:11:25.566796+00:00 johnnymusk systemd[1]: modprobe@loop.service: Deactivated successfully.
2025-09-18T00:11:25.566801+00:00 johnnymusk systemd[1]: Finished modprobe@loop.service - Load Kernel Module loop.
2025-09-18T00:11:25.566805+00:00 johnnymusk systemd[1]: systemd-repart.service - Repartition Root Disk was skipped because no trigger condition checks were met.
2025-09-18T00:11:25.566808+00:00 johnnymusk systemd[1]: Finished apparmor.service - Load AppArmor profiles.
2025-09-18T00:11:25.566812+00:00 johnnymusk systemd[1]: Starting snapd.apparmor.service - Load AppArmor profiles managed internally by snapd...
2025-09-18T00:11:25.566815+00:00 johnnymusk systemd[1]: Started vgauth.service - Authentication service for virtual machines hosted on VMware.
2025-09-18T00:11:25.566819+00:00 johnnymusk systemd[1]: Starting open-vm-tools.service - Service for virtual machines hosted on VMware...
2025-09-18T00:11:25.566824+00:00 johnnymusk systemd[1]: Started open-vm-tools.service - Service for virtual machines hosted on VMware.
2025-09-18T00:11:25.566827+00:00 johnnymusk systemd[1]: Starting cloud-init-local.service - Cloud-init: Local Stage (pre-network)...
2025-09-18T00:11:25.566831+00:00 johnnymusk VGAuthService[1057]: Pref_Init: Using '/etc/vmware-tools/vgauth.conf' as preferences filepath
2025-09-18T00:11:25.566835+00:00 johnnymusk VGAuthService[1057]: Core dump limit set to -1
2025-09-18T00:11:25.566838+00:00 johnnymusk VGAuthService[1057]: Cannot load message catalog for domain 'VGAuthService', language 'C', catalog dir '/usr/share/open-vm-tools'.
2025-09-18T00:11:25.566843+00:00 johnnymusk VGAuthService[1057]: INIT SERVICE
2025-09-18T00:11:25.566847+00:00 johnnymusk VGAuthService[1057]: Using '/var/lib/vmware/VGAuth/aliasStore' for alias store root directory
2025-09-18T00:11:25.566850+00:00 johnnymusk VGAuthService[1057]: LoadCatalogAndSchema: Using '/etc/vmware-tools/vgauth/schemas' for SAML schemas
2025-09-18T00:11:25.566854+00:00 johnnymusk VGAuthService[1057]: LoadPrefs: Allowing 300 of clock skew for SAML date validation
2025-09-18T00:11:25.566857+00:00 johnnymusk VGAuthService[1057]: SAML_Init: Using xmlsec1 1.2.39 for XML signature support
2025-09-18T00:11:25.566861+00:00 johnnymusk VGAuthService[1057]: ServiceNetworkCreateSocketDir: Created socket directory '/var/run/vmware'
2025-09-18T00:11:25.566867+00:00 johnnymusk VGAuthService[1057]: BEGIN SERVICE
2025-09-18T00:11:25.566874+00:00 johnnymusk snapd-apparmor[1056]: main.go:146: Loading profiles [/var/lib/snapd/apparmor/profiles/snap-confine.snapd.24792 /var/lib/snapd/apparmor/profiles/snap-update-ns.firefox /var/lib/snapd/apparmor/profiles/snap-update-ns.firmware-updater /var/lib/snapd/apparmor/profiles/snap-update-ns.snap-store /var/lib/snapd/apparmor/profiles/snap-update-ns.snapd-desktop-integration /var/lib/snapd/apparmor/profiles/snap.firefox.firefox /var/lib/snapd/apparmor/profiles/snap.firefox.geckodriver /var/lib/snapd/apparmor/profiles/snap.firefox.hook.configure /var/lib/snapd/apparmor/profiles/snap.firefox.hook.disconnect-plug-host-hunspell /var/lib/snapd/apparmor/profiles/snap.firefox.hook.install /var/lib/snapd/apparmor/profiles/snap.firefox.hook.post-refresh /var/lib/snapd/apparmor/profiles/snap.firmware-updater.firmware-notifier /var/lib/snapd/apparmor/profiles/snap.firmware-updater.firmware-updater /var/lib/snapd/apparmor/profiles/snap.firmware-updater.firmware-updater-app /var/lib/snapd/apparmor/profiles/snap.firmware-updater.hook.configure /var/lib/snapd/apparmor/profiles/snap.snap-store.hook.configure /var/lib/snapd/apparmor/profiles/snap.snap-store.show-updates /var/lib/snapd/apparmor/profiles/snap.snap-store.snap-store /var/lib/snapd/apparmor/profiles/snap.snapd-desktop-integration.hook.configure /var/lib/snapd/apparmor/profiles/snap.snapd-desktop-integration.snapd-desktop-integration]
2025-09-18T00:11:25.566879+00:00 johnnymusk cloud-init[1333]: Cloud-init v. 25.1.4-0ubuntu0~24.04.1 running 'init-local' at Thu, 18 Sep 2025 00:11:22 +0000. Up 8.52 seconds.
2025-09-18T00:11:25.566885+00:00 johnnymusk systemd[1]: netplan-ovs-cleanup.service - OpenVSwitch configuration for cleanup was skipped because of an unmet condition check (ConditionFileIsExecutable=/usr/bin/ovs-vsctl).
2025-09-18T00:11:25.566889+00:00 johnnymusk systemd[1]: Reloading requested from client PID 1342 ('systemctl') (unit cloud-init-local.service)...
2025-09-18T00:11:25.566893+00:00 johnnymusk systemd[1]: Reloading...
2025-09-18T00:11:25.566896+00:00 johnnymusk systemd[1]: Reloading finished in 999 ms.
2025-09-18T00:11:25.566900+00:00 johnnymusk systemd[1]: Finished cloud-init-local.service - Cloud-init: Local Stage (pre-network).
2025-09-18T00:11:25.566903+00:00 johnnymusk systemd[1]: Reached target network-pre.target - Preparation for Network.
2025-09-18T00:11:25.566909+00:00 johnnymusk systemd[1]: Finished snapd.apparmor.service - Load AppArmor profiles managed internally by snapd.
2025-09-18T00:11:25.566912+00:00 johnnymusk systemd[1]: Reached target sysinit.target - System Initialization.
2025-09-18T00:11:25.566916+00:00 johnnymusk systemd[1]: apport-autoreport.path - Process error reports when automatic reporting is enabled (file watch) was skipped because of an unmet condition check (ConditionPathExists=/var/lib/apport/autoreport).
2025-09-18T00:11:25.566920+00:00 johnnymusk systemd[1]: Started cups.path - CUPS Scheduler.
2025-09-18T00:11:25.566923+00:00 johnnymusk systemd[1]: tpm-udev.path - Handle dynamically added tpm devices was skipped because of an unmet condition check (ConditionVirtualization=container).
2025-09-18T00:11:25.566927+00:00 johnnymusk systemd[1]: Started whoopsie.path - Start whoopsie on modification of the /var/crash directory.
2025-09-18T00:11:25.566932+00:00 johnnymusk systemd[1]: Started anacron.timer - Trigger anacron every hour.
2025-09-18T00:11:25.566936+00:00 johnnymusk systemd[1]: apport-autoreport.timer - Process error reports when automatic reporting is enabled (timer based) was skipped because of an unmet condition check (ConditionPathExists=/var/lib/apport/autoreport).
2025-09-18T00:11:25.566939+00:00 johnnymusk systemd[1]: Started apt-daily.timer - Daily apt download activities.
2025-09-18T00:11:25.566943+00:00 johnnymusk systemd[1]: Started apt-daily-upgrade.timer - Daily apt upgrade and clean activities.
2025-09-18T00:11:25.566947+00:00 johnnymusk systemd[1]: Started dpkg-db-backup.timer - Daily dpkg database backup timer.
2025-09-18T00:11:25.566952+00:00 johnnymusk systemd[1]: Started e2scrub_all.timer - Periodic ext4 Online Metadata Check for All Filesystems.
2025-09-18T00:11:25.566955+00:00 johnnymusk systemd[1]: Started fstrim.timer - Discard unused filesystem blocks once a week.
2025-09-18T00:11:25.566959+00:00 johnnymusk systemd[1]: Started fwupd-refresh.timer - Refresh fwupd metadata regularly.
2025-09-18T00:11:25.566962+00:00 johnnymusk systemd[1]: Started logrotate.timer - Daily rotation of log files.
2025-09-18T00:11:25.566966+00:00 johnnymusk systemd[1]: Started man-db.timer - Daily man-db regeneration.
2025-09-18T00:11:25.566969+00:00 johnnymusk systemd[1]: Started motd-news.timer - Message of the Day.
2025-09-18T00:11:25.566974+00:00 johnnymusk systemd[1]: snapd.snap-repair.timer - Timer to automatically fetch and run repair assertions was skipped because no trigger condition checks were met.
2025-09-18T00:11:25.566978+00:00 johnnymusk systemd[1]: Started sysstat-collect.timer - Run system activity accounting tool every 10 minutes.
2025-09-18T00:11:25.566981+00:00 johnnymusk systemd[1]: Started sysstat-summary.timer - Generate summary of yesterday's process accounting.
2025-09-18T00:11:25.566985+00:00 johnnymusk systemd[1]: Started systemd-tmpfiles-clean.timer - Daily Cleanup of Temporary Directories.
2025-09-18T00:11:25.566988+00:00 johnnymusk systemd[1]: ua-timer.timer - Ubuntu Pro Timer for running repeated jobs was skipped because of an unmet condition check (ConditionPathExists=/var/lib/ubuntu-advantage/private/machine-token.json).
2025-09-18T00:11:25.566992+00:00 johnnymusk systemd[1]: Reached target paths.target - Path Units.
2025-09-18T00:11:25.566997+00:00 johnnymusk systemd[1]: apport-forward.socket - Unix socket for apport crash forwarding was skipped because of an unmet condition check (ConditionVirtualization=container).
2025-09-18T00:11:25.567001+00:00 johnnymusk systemd[1]: Listening on avahi-daemon.socket - Avahi mDNS/DNS-SD Stack Activation Socket.
2025-09-18T00:11:25.567004+00:00 johnnymusk systemd[1]: Listening on cups.socket - CUPS Scheduler.
2025-09-18T00:11:25.567008+00:00 johnnymusk systemd[1]: Listening on dbus.socket - D-Bus System Message Bus Socket.
2025-09-18T00:11:25.567011+00:00 johnnymusk systemd[1]: Starting snapd.socket - Socket activation for snappy daemon...
2025-09-18T00:11:25.567017+00:00 johnnymusk systemd[1]: Listening on uuidd.socket - UUID daemon activation socket.
2025-09-18T00:11:25.567022+00:00 johnnymusk systemd[1]: systemd-pcrphase-sysinit.service - TPM2 PCR Barrier (Initialization) was skipped because of an unmet condition check (ConditionSecurity=measured-uki).
2025-09-18T00:11:25.565217+00:00 johnnymusk kernel: Linux version 6.14.0-29-generic (buildd@lcy02-amd64-105) (x86_64-linux-gnu-gcc-13 (Ubuntu 13.3.0-6ubuntu2~24.04) 13.3.0, GNU ld (GNU Binutils for Ubuntu) 2.42) #29~24.04.1-Ubuntu SMP PREEMPT_DYNAMIC Thu Aug 14 16:52:50 UTC 2 (Ubuntu 6.14.0-29.29~24.04.1-generic 6.14.8)
2025-09-18T00:11:25.578884+00:00 johnnymusk kernel: Command line: BOOT_IMAGE=/boot/vmlinuz-6.14.0-29-generic root=UUID=07e4d32b-db44-46fa-84d2-3153cbd6dd55 ro quiet splash
2025-09-18T00:11:25.578889+00:00 johnnymusk kernel: KERNEL supported cpus:
2025-09-18T00:11:25.578889+00:00 johnnymusk kernel:   Intel GenuineIntel
2025-09-18T00:11:25.578889+00:00 johnnymusk kernel:   AMD AuthenticAMD
2025-09-18T00:11:25.578889+00:00 johnnymusk kernel:   Hygon HygonGenuine
2025-09-18T00:11:25.578890+00:00 johnnymusk kernel:   Centaur CentaurHauls
2025-09-18T00:11:25.578892+00:00 johnnymusk kernel:   zhaoxin   Shanghai  
2025-09-18T00:11:25.578893+00:00 johnnymusk kernel: BIOS-provided physical RAM map:
2025-09-18T00:11:25.578893+00:00 johnnymusk kernel: BIOS-e820: [mem 0x0000000000000000-0x000000000009e7ff] usable
2025-09-18T00:11:25.578893+00:00 johnnymusk kernel: BIOS-e820: [mem 0x000000000009e800-0x000000000009ffff] reserved
2025-09-18T00:11:25.578894+00:00 johnnymusk kernel: BIOS-e820: [mem 0x00000000000dc000-0x00000000000fffff] reserved
2025-09-18T00:11:25.578894+00:00 johnnymusk kernel: BIOS-e820: [mem 0x0000000000100000-0x00000000bfecffff] usable
2025-09-18T00:11:25.578896+00:00 johnnymusk kernel: BIOS-e820: [mem 0x00000000bfed0000-0x00000000bfefefff] ACPI data
2025-09-18T00:11:25.578897+00:00 johnnymusk kernel: BIOS-e820: [mem 0x00000000bfeff000-0x00000000bfefffff] ACPI NVS
2025-09-18T00:11:25.578897+00:00 johnnymusk kernel: BIOS-e820: [mem 0x00000000bff00000-0x00000000bfffffff] usable
2025-09-18T00:11:25.578897+00:00 johnnymusk kernel: BIOS-e820: [mem 0x00000000f0000000-0x00000000f7ffffff] reserved
2025-09-18T00:11:25.578897+00:00 johnnymusk kernel: BIOS-e820: [mem 0x00000000fec00000-0x00000000fec0ffff] reserved
2025-09-18T00:11:25.578897+00:00 johnnymusk kernel: BIOS-e820: [mem 0x00000000fee00000-0x00000000fee00fff] reserved
2025-09-18T00:11:25.578898+00:00 johnnymusk kernel: BIOS-e820: [mem 0x00000000fffe0000-0x00000000ffffffff] reserved
2025-09-18T00:11:25.578900+00:00 johnnymusk kernel: BIOS-e820: [mem 0x0000000100000000-0x000000013fffffff] usable
2025-09-18T00:11:25.578900+00:00 johnnymusk kernel: NX (Execute Disable) protection: active
2025-09-18T00:11:25.578901+00:00 johnnymusk kernel: APIC: Static calls initialized
2025-09-18T00:11:25.578901+00:00 johnnymusk kernel: SMBIOS 2.7 present.
2025-09-18T00:11:25.578901+00:00 johnnymusk kernel: DMI: VMware, Inc. VMware Virtual Platform/440BX Desktop Reference Platform, BIOS 6.00 11/12/2020
2025-09-18T00:11:25.578901+00:00 johnnymusk kernel: DMI: Memory slots populated: 1/128
2025-09-18T00:11:25.578903+00:00 johnnymusk kernel: vmware: hypercall mode: 0x02
2025-09-18T00:11:25.578904+00:00 johnnymusk kernel: Hypervisor detected: VMware
2025-09-18T00:11:25.578904+00:00 johnnymusk kernel: vmware: TSC freq read from hypervisor : 2995.213 MHz
2025-09-18T00:11:25.578904+00:00 johnnymusk kernel: vmware: Host bus clock speed read from hypervisor : 66000000 Hz
2025-09-18T00:11:25.578904+00:00 johnnymusk kernel: vmware: using clock offset of 4296561965 ns
2025-09-18T00:11:25.578905+00:00 johnnymusk kernel: tsc: Detected 2995.213 MHz processor
2025-09-18T00:11:25.578905+00:00 johnnymusk kernel: e820: update [mem 0x00000000-0x00000fff] usable ==> reserved
2025-09-18T00:11:25.578907+00:00 johnnymusk kernel: e820: remove [mem 0x000a0000-0x000fffff] usable
2025-09-18T00:11:25.578907+00:00 johnnymusk kernel: last_pfn = 0x140000 max_arch_pfn = 0x400000000
2025-09-18T00:11:25.578908+00:00 johnnymusk kernel: total RAM covered: 130048M
2025-09-18T00:11:25.578908+00:00 johnnymusk kernel: Found optimal setting for mtrr clean up
2025-09-18T00:11:25.578908+00:00 johnnymusk kernel:  gran_size: 64K 	chunk_size: 64K 	num_reg: 7  	lose cover RAM: 0G
2025-09-18T00:11:25.578908+00:00 johnnymusk kernel: MTRR map: 7 entries (5 fixed + 2 variable; max 21), built from 8 variable MTRRs
2025-09-18T00:11:25.578911+00:00 johnnymusk kernel: x86/PAT: Configuration [0-7]: WB  WC  UC- UC  WB  WP  UC- WT  
2025-09-18T00:11:25.578912+00:00 johnnymusk kernel: e820: update [mem 0xc0000000-0xffffffff] usable ==> reserved
2025-09-18T00:11:25.578912+00:00 johnnymusk kernel: last_pfn = 0xc0000 max_arch_pfn = 0x400000000
2025-09-18T00:11:25.578912+00:00 johnnymusk kernel: found SMP MP-table at [mem 0x000f6a70-0x000f6a7f]
2025-09-18T00:11:25.578912+00:00 johnnymusk kernel: Using GB pages for direct mapping
2025-09-18T00:11:25.578912+00:00 johnnymusk kernel: Incomplete global flushes, disabling PCID
2025-09-18T00:11:25.578914+00:00 johnnymusk kernel: RAMDISK: [mem 0x2f513000-0x33a80fff]
2025-09-18T00:11:25.578915+00:00 johnnymusk kernel: ACPI: Early table checksum verification disabled
2025-09-18T00:11:25.578915+00:00 johnnymusk kernel: ACPI: RSDP 0x00000000000F6A00 000024 (v02 PTLTD )
2025-09-18T00:11:25.578916+00:00 johnnymusk kernel: ACPI: XSDT 0x00000000BFEDC633 00005C (v01 INTEL  440BX    06040000 VMW  01324272)
2025-09-18T00:11:25.578916+00:00 johnnymusk kernel: ACPI: FACP 0x00000000BFEFEE73 0000F4 (v04 INTEL  440BX    06040000 PTL  000F4240)
2025-09-18T00:11:25.578916+00:00 johnnymusk kernel: ACPI: DSDT 0x00000000BFEDD9E8 02148B (v01 PTLTD  Custom   06040000 MSFT 03000001)
2025-09-18T00:11:25.578916+00:00 johnnymusk kernel: ACPI: FACS 0x00000000BFEFFFC0 000040
2025-09-18T00:11:25.578918+00:00 johnnymusk kernel: ACPI: FACS 0x00000000BFEFFFC0 000040
2025-09-18T00:11:25.578920+00:00 johnnymusk kernel: ACPI: BOOT 0x00000000BFEDD9C0 000028 (v01 PTLTD  $SBFTBL$ 06040000  LTP 00000001)
2025-09-18T00:11:25.578921+00:00 johnnymusk kernel: ACPI: APIC 0x00000000BFEDD27E 000742 (v01 PTLTD  ? APIC   06040000  LTP 00000000)
2025-09-18T00:11:25.578921+00:00 johnnymusk kernel: ACPI: MCFG 0x00000000BFEDD242 00003C (v01 PTLTD  $PCITBL$ 06040000  LTP 00000001)
2025-09-18T00:11:25.578921+00:00 johnnymusk kernel: ACPI: SRAT 0x00000000BFEDC72F 0008D0 (v02 VMWARE MEMPLUG  06040000 VMW  00000001)
2025-09-18T00:11:25.578921+00:00 johnnymusk kernel: ACPI: HPET 0x00000000BFEDC6F7 000038 (v01 VMWARE VMW HPET 06040000 VMW  00000001)
2025-09-18T00:11:25.578923+00:00 johnnymusk kernel: ACPI: WAET 0x00000000BFEDC6CF 000028 (v01 VMWARE VMW WAET 06040000 VMW  00000001)
2025-09-18T00:11:25.578924+00:00 johnnymusk kernel: ACPI: Reserving FACP table memory at [mem 0xbfefee73-0xbfefef66]
2025-09-18T00:11:25.578924+00:00 johnnymusk kernel: ACPI: Reserving DSDT table memory at [mem 0xbfedd9e8-0xbfefee72]
2025-09-18T00:11:25.578924+00:00 johnnymusk kernel: ACPI: Reserving FACS table memory at [mem 0xbfefffc0-0xbfefffff]
2025-09-18T00:11:25.578924+00:00 johnnymusk kernel: ACPI: Reserving FACS table memory at [mem 0xbfefffc0-0xbfefffff]
2025-09-18T00:11:25.578925+00:00 johnnymusk kernel: ACPI: Reserving BOOT table memory at [mem 0xbfedd9c0-0xbfedd9e7]
2025-09-18T00:11:25.578927+00:00 johnnymusk kernel: ACPI: Reserving APIC table memory at [mem 0xbfedd27e-0xbfedd9bf]
2025-09-18T00:11:25.578928+00:00 johnnymusk kernel: ACPI: Reserving MCFG table memory at [mem 0xbfedd242-0xbfedd27d]
2025-09-18T00:11:25.578928+00:00 johnnymusk kernel: ACPI: Reserving SRAT table memory at [mem 0xbfedc72f-0xbfedcffe]
2025-09-18T00:11:25.578928+00:00 johnnymusk kernel: ACPI: Reserving HPET table memory at [mem 0xbfedc6f7-0xbfedc72e]
2025-09-18T00:11:25.578928+00:00 johnnymusk kernel: ACPI: Reserving WAET table memory at [mem 0xbfedc6cf-0xbfedc6f6]
2025-09-18T00:11:25.578929+00:00 johnnymusk kernel: ACPI: SRAT: Node 0 PXM 0 [mem 0x00000000-0x0009ffff]
2025-09-18T00:11:25.578929+00:00 johnnymusk kernel: ACPI: SRAT: Node 0 PXM 0 [mem 0x00100000-0xbfffffff]
2025-09-18T00:11:25.578931+00:00 johnnymusk kernel: ACPI: SRAT: Node 0 PXM 0 [mem 0x100000000-0x13fffffff]
2025-09-18T00:11:25.578932+00:00 johnnymusk kernel: ACPI: SRAT: Node 0 PXM 0 [mem 0x140000000-0x103fffffff] hotplug
2025-09-18T00:11:25.578932+00:00 johnnymusk kernel: NUMA: Node 0 [mem 0x00001000-0x0009ffff] + [mem 0x00100000-0xbfffffff] -> [mem 0x00001000-0xbfffffff]
2025-09-18T00:11:25.578932+00:00 johnnymusk kernel: NUMA: Node 0 [mem 0x00001000-0xbfffffff] + [mem 0x100000000-0x13fffffff] -> [mem 0x00001000-0x13fffffff]
2025-09-18T00:11:25.578932+00:00 johnnymusk kernel: NODE_DATA(0) allocated [mem 0x13ffd3540-0x13fffdfff]
2025-09-18T00:11:25.578933+00:00 johnnymusk kernel: Zone ranges:
2025-09-18T00:11:25.578934+00:00 johnnymusk kernel:   DMA      [mem 0x0000000000001000-0x0000000000ffffff]
2025-09-18T00:11:25.578935+00:00 johnnymusk kernel:   DMA32    [mem 0x0000000001000000-0x00000000ffffffff]
2025-09-18T00:11:25.578935+00:00 johnnymusk kernel:   Normal   [mem 0x0000000100000000-0x000000013fffffff]
2025-09-18T00:11:25.578936+00:00 johnnymusk kernel:   Device   empty
2025-09-18T00:11:25.578936+00:00 johnnymusk kernel: Movable zone start for each node
2025-09-18T00:11:25.578936+00:00 johnnymusk kernel: Early memory node ranges
2025-09-18T00:11:25.578940+00:00 johnnymusk kernel:   node   0: [mem 0x0000000000001000-0x000000000009dfff]
2025-09-18T00:11:25.578941+00:00 johnnymusk kernel:   node   0: [mem 0x0000000000100000-0x00000000bfecffff]
2025-09-18T00:11:25.578941+00:00 johnnymusk kernel:   node   0: [mem 0x00000000bff00000-0x00000000bfffffff]
2025-09-18T00:11:25.578942+00:00 johnnymusk kernel:   node   0: [mem 0x0000000100000000-0x000000013fffffff]
2025-09-18T00:11:25.578942+00:00 johnnymusk kernel: Initmem setup node 0 [mem 0x0000000000001000-0x000000013fffffff]
2025-09-18T00:11:25.578942+00:00 johnnymusk kernel: On node 0, zone DMA: 1 pages in unavailable ranges
2025-09-18T00:11:25.578944+00:00 johnnymusk kernel: On node 0, zone DMA: 98 pages in unavailable ranges
2025-09-18T00:11:25.578945+00:00 johnnymusk kernel: On node 0, zone DMA32: 48 pages in unavailable ranges
2025-09-18T00:11:25.578945+00:00 johnnymusk kernel: ACPI: PM-Timer IO Port: 0x1008
2025-09-18T00:11:25.578945+00:00 johnnymusk kernel: ACPI: LAPIC_NMI (acpi_id[0x00] high edge lint[0x1])
2025-09-18T00:11:25.578945+00:00 johnnymusk kernel: ACPI: LAPIC_NMI (acpi_id[0x01] high edge lint[0x1])
2025-09-18T00:11:25.578945+00:00 johnnymusk kernel: ACPI: LAPIC_NMI (acpi_id[0x02] high edge lint[0x1])
2025-09-18T00:11:25.578946+00:00 johnnymusk kernel: ACPI: LAPIC_NMI (acpi_id[0x03] high edge lint[0x1])
2025-09-18T00:11:25.578947+00:00 johnnymusk kernel: ACPI: LAPIC_NMI (acpi_id[0x04] high edge lint[0x1])
2025-09-18T00:11:25.578948+00:00 johnnymusk kernel: ACPI: LAPIC_NMI (acpi_id[0x05] high edge lint[0x1])
2025-09-18T00:11:25.578948+00:00 johnnymusk kernel: ACPI: LAPIC_NMI (acpi_id[0x06] high edge lint[0x1])
2025-09-18T00:11:25.578949+00:00 johnnymusk kernel: ACPI: LAPIC_NMI (acpi_id[0x07] high edge lint[0x1])
2025-09-18T00:11:25.578949+00:00 johnnymusk kernel: ACPI: LAPIC_NMI (acpi_id[0x08] high edge lint[0x1])
2025-09-18T00:11:25.578949+00:00 johnnymusk kernel: ACPI: LAPIC_NMI (acpi_id[0x09] high edge lint[0x1])
2025-09-18T00:11:25.578951+00:00 johnnymusk kernel: ACPI: LAPIC_NMI (acpi_id[0x0a] high edge lint[0x1])
2025-09-18T00:11:25.578952+00:00 johnnymusk kernel: ACPI: LAPIC_NMI (acpi_id[0x0b] high edge lint[0x1])
2025-09-18T00:11:25.578952+00:00 johnnymusk kernel: ACPI: LAPIC_NMI (acpi_id[0x0c] high edge lint[0x1])
2025-09-18T00:11:25.578952+00:00 johnnymusk kernel: ACPI: LAPIC_NMI (acpi_id[0x0d] high edge lint[0x1])
2025-09-18T00:11:25.578952+00:00 johnnymusk kernel: ACPI: LAPIC_NMI (acpi_id[0x0e] high edge lint[0x1])
2025-09-18T00:11:25.578952+00:00 johnnymusk kernel: ACPI: LAPIC_NMI (acpi_id[0x0f] high edge lint[0x1])
2025-09-18T00:11:25.578978+00:00 johnnymusk kernel: ACPI: LAPIC_NMI (acpi_id[0x10] high edge lint[0x1])
2025-09-18T00:11:25.578980+00:00 johnnymusk kernel: ACPI: LAPIC_NMI (acpi_id[0x11] high edge lint[0x1])
2025-09-18T00:11:25.578981+00:00 johnnymusk kernel: ACPI: LAPIC_NMI (acpi_id[0x12] high edge lint[0x1])
2025-09-18T00:11:25.578981+00:00 johnnymusk kernel: ACPI: LAPIC_NMI (acpi_id[0x13] high edge lint[0x1])
2025-09-18T00:11:25.578982+00:00 johnnymusk kernel: ACPI: LAPIC_NMI (acpi_id[0x14] high edge lint[0x1])
2025-09-18T00:11:25.578982+00:00 johnnymusk kernel: ACPI: LAPIC_NMI (acpi_id[0x15] high edge lint[0x1])
2025-09-18T00:11:25.578982+00:00 johnnymusk kernel: ACPI: LAPIC_NMI (acpi_id[0x16] high edge lint[0x1])
2025-09-18T00:11:25.578984+00:00 johnnymusk kernel: ACPI: LAPIC_NMI (acpi_id[0x17] high edge lint[0x1])
2025-09-18T00:11:25.578984+00:00 johnnymusk kernel: ACPI: LAPIC_NMI (acpi_id[0x18] high edge lint[0x1])
2025-09-18T00:11:25.578985+00:00 johnnymusk kernel: ACPI: LAPIC_NMI (acpi_id[0x19] high edge lint[0x1])
2025-09-18T00:11:25.578985+00:00 johnnymusk kernel: ACPI: LAPIC_NMI (acpi_id[0x1a] high edge lint[0x1])
2025-09-18T00:11:25.578985+00:00 johnnymusk kernel: ACPI: LAPIC_NMI (acpi_id[0x1b] high edge lint[0x1])
2025-09-18T00:11:25.578985+00:00 johnnymusk kernel: ACPI: LAPIC_NMI (acpi_id[0x1c] high edge lint[0x1])
2025-09-18T00:11:25.578987+00:00 johnnymusk kernel: ACPI: LAPIC_NMI (acpi_id[0x1d] high edge lint[0x1])
2025-09-18T00:11:25.578988+00:00 johnnymusk kernel: ACPI: LAPIC_NMI (acpi_id[0x1e] high edge lint[0x1])
2025-09-18T00:11:25.578988+00:00 johnnymusk kernel: ACPI: LAPIC_NMI (acpi_id[0x1f] high edge lint[0x1])
2025-09-18T00:11:25.578988+00:00 johnnymusk kernel: ACPI: LAPIC_NMI (acpi_id[0x20] high edge lint[0x1])
2025-09-18T00:11:25.578988+00:00 johnnymusk kernel: ACPI: LAPIC_NMI (acpi_id[0x21] high edge lint[0x1])
2025-09-18T00:11:25.578989+00:00 johnnymusk kernel: ACPI: LAPIC_NMI (acpi_id[0x22] high edge lint[0x1])
2025-09-18T00:11:25.578989+00:00 johnnymusk kernel: ACPI: LAPIC_NMI (acpi_id[0x23] high edge lint[0x1])
2025-09-18T00:11:25.578990+00:00 johnnymusk kernel: ACPI: LAPIC_NMI (acpi_id[0x24] high edge lint[0x1])
2025-09-18T00:11:25.578991+00:00 johnnymusk kernel: ACPI: LAPIC_NMI (acpi_id[0x25] high edge lint[0x1])
2025-09-18T00:11:25.578992+00:00 johnnymusk kernel: ACPI: LAPIC_NMI (acpi_id[0x26] high edge lint[0x1])
2025-09-18T00:11:25.578992+00:00 johnnymusk kernel: ACPI: LAPIC_NMI (acpi_id[0x27] high edge lint[0x1])
2025-09-18T00:11:25.578992+00:00 johnnymusk kernel: ACPI: LAPIC_NMI (acpi_id[0x28] high edge lint[0x1])
2025-09-18T00:11:25.578992+00:00 johnnymusk kernel: ACPI: LAPIC_NMI (acpi_id[0x29] high edge lint[0x1])
2025-09-18T00:11:25.578994+00:00 johnnymusk kernel: ACPI: LAPIC_NMI (acpi_id[0x2a] high edge lint[0x1])
2025-09-18T00:11:25.578995+00:00 johnnymusk kernel: ACPI: LAPIC_NMI (acpi_id[0x2b] high edge lint[0x1])
2025-09-18T00:11:25.578995+00:00 johnnymusk kernel: ACPI: LAPIC_NMI (acpi_id[0x2c] high edge lint[0x1])
2025-09-18T00:11:25.578995+00:00 johnnymusk kernel: ACPI: LAPIC_NMI (acpi_id[0x2d] high edge lint[0x1])
2025-09-18T00:11:25.578995+00:00 johnnymusk kernel: ACPI: LAPIC_NMI (acpi_id[0x2e] high edge lint[0x1])
2025-09-18T00:11:25.578996+00:00 johnnymusk kernel: ACPI: LAPIC_NMI (acpi_id[0x2f] high edge lint[0x1])
2025-09-18T00:11:25.578996+00:00 johnnymusk kernel: ACPI: LAPIC_NMI (acpi_id[0x30] high edge lint[0x1])
2025-09-18T00:11:25.578997+00:00 johnnymusk kernel: ACPI: LAPIC_NMI (acpi_id[0x31] high edge lint[0x1])
2025-09-18T00:11:25.578998+00:00 johnnymusk kernel: ACPI: LAPIC_NMI (acpi_id[0x32] high edge lint[0x1])
2025-09-18T00:11:25.578999+00:00 johnnymusk kernel: ACPI: LAPIC_NMI (acpi_id[0x33] high edge lint[0x1])
2025-09-18T00:11:25.578999+00:00 johnnymusk kernel: ACPI: LAPIC_NMI (acpi_id[0x34] high edge lint[0x1])
2025-09-18T00:11:25.578999+00:00 johnnymusk kernel: ACPI: LAPIC_NMI (acpi_id[0x35] high edge lint[0x1])
2025-09-18T00:11:25.578999+00:00 johnnymusk kernel: ACPI: LAPIC_NMI (acpi_id[0x36] high edge lint[0x1])
2025-09-18T00:11:25.579001+00:00 johnnymusk kernel: ACPI: LAPIC_NMI (acpi_id[0x37] high edge lint[0x1])
2025-09-18T00:11:25.579002+00:00 johnnymusk kernel: ACPI: LAPIC_NMI (acpi_id[0x38] high edge lint[0x1])
2025-09-18T00:11:25.579002+00:00 johnnymusk kernel: ACPI: LAPIC_NMI (acpi_id[0x39] high edge lint[0x1])
2025-09-18T00:11:25.579002+00:00 johnnymusk kernel: ACPI: LAPIC_NMI (acpi_id[0x3a] high edge lint[0x1])
2025-09-18T00:11:25.579002+00:00 johnnymusk kernel: ACPI: LAPIC_NMI (acpi_id[0x3b] high edge lint[0x1])
2025-09-18T00:11:25.579003+00:00 johnnymusk kernel: ACPI: LAPIC_NMI (acpi_id[0x3c] high edge lint[0x1])
2025-09-18T00:11:25.579004+00:00 johnnymusk kernel: ACPI: LAPIC_NMI (acpi_id[0x3d] high edge lint[0x1])
2025-09-18T00:11:25.579005+00:00 johnnymusk kernel: ACPI: LAPIC_NMI (acpi_id[0x3e] high edge lint[0x1])
2025-09-18T00:11:25.579006+00:00 johnnymusk kernel: ACPI: LAPIC_NMI (acpi_id[0x3f] high edge lint[0x1])
2025-09-18T00:11:25.579006+00:00 johnnymusk kernel: ACPI: LAPIC_NMI (acpi_id[0x40] high edge lint[0x1])
2025-09-18T00:11:25.579006+00:00 johnnymusk kernel: ACPI: LAPIC_NMI (acpi_id[0x41] high edge lint[0x1])
2025-09-18T00:11:25.579006+00:00 johnnymusk kernel: ACPI: LAPIC_NMI (acpi_id[0x42] high edge lint[0x1])
2025-09-18T00:11:25.579006+00:00 johnnymusk kernel: ACPI: LAPIC_NMI (acpi_id[0x43] high edge lint[0x1])
2025-09-18T00:11:25.579008+00:00 johnnymusk kernel: ACPI: LAPIC_NMI (acpi_id[0x44] high edge lint[0x1])
2025-09-18T00:11:25.579009+00:00 johnnymusk kernel: ACPI: LAPIC_NMI (acpi_id[0x45] high edge lint[0x1])
2025-09-18T00:11:25.579009+00:00 johnnymusk kernel: ACPI: LAPIC_NMI (acpi_id[0x46] high edge lint[0x1])
2025-09-18T00:11:25.579009+00:00 johnnymusk kernel: ACPI: LAPIC_NMI (acpi_id[0x47] high edge lint[0x1])
2025-09-18T00:11:25.579010+00:00 johnnymusk kernel: ACPI: LAPIC_NMI (acpi_id[0x48] high edge lint[0x1])
2025-09-18T00:11:25.579010+00:00 johnnymusk kernel: ACPI: LAPIC_NMI (acpi_id[0x49] high edge lint[0x1])
2025-09-18T00:11:25.579011+00:00 johnnymusk kernel: ACPI: LAPIC_NMI (acpi_id[0x4a] high edge lint[0x1])
2025-09-18T00:11:25.579012+00:00 johnnymusk kernel: ACPI: LAPIC_NMI (acpi_id[0x4b] high edge lint[0x1])
2025-09-18T00:11:25.579013+00:00 johnnymusk kernel: ACPI: LAPIC_NMI (acpi_id[0x4c] high edge lint[0x1])
2025-09-18T00:11:25.579013+00:00 johnnymusk kernel: ACPI: LAPIC_NMI (acpi_id[0x4d] high edge lint[0x1])
2025-09-18T00:11:25.579013+00:00 johnnymusk kernel: ACPI: LAPIC_NMI (acpi_id[0x4e] high edge lint[0x1])
2025-09-18T00:11:25.579013+00:00 johnnymusk kernel: ACPI: LAPIC_NMI (acpi_id[0x4f] high edge lint[0x1])
2025-09-18T00:11:25.579013+00:00 johnnymusk kernel: ACPI: LAPIC_NMI (acpi_id[0x50] high edge lint[0x1])
2025-09-18T00:11:25.579015+00:00 johnnymusk kernel: ACPI: LAPIC_NMI (acpi_id[0x51] high edge lint[0x1])
2025-09-18T00:11:25.579016+00:00 johnnymusk kernel: ACPI: LAPIC_NMI (acpi_id[0x52] high edge lint[0x1])
2025-09-18T00:11:25.579016+00:00 johnnymusk kernel: ACPI: LAPIC_NMI (acpi_id[0x53] high edge lint[0x1])
2025-09-18T00:11:25.579016+00:00 johnnymusk kernel: ACPI: LAPIC_NMI (acpi_id[0x54] high edge lint[0x1])
2025-09-18T00:11:25.579017+00:00 johnnymusk kernel: ACPI: LAPIC_NMI (acpi_id[0x55] high edge lint[0x1])
2025-09-18T00:11:25.579017+00:00 johnnymusk kernel: ACPI: LAPIC_NMI (acpi_id[0x56] high edge lint[0x1])
2025-09-18T00:11:25.579019+00:00 johnnymusk kernel: ACPI: LAPIC_NMI (acpi_id[0x57] high edge lint[0x1])
2025-09-18T00:11:25.579019+00:00 johnnymusk kernel: ACPI: LAPIC_NMI (acpi_id[0x58] high edge lint[0x1])
2025-09-18T00:11:25.579020+00:00 johnnymusk kernel: ACPI: LAPIC_NMI (acpi_id[0x59] high edge lint[0x1])
2025-09-18T00:11:25.579020+00:00 johnnymusk kernel: ACPI: LAPIC_NMI (acpi_id[0x5a] high edge lint[0x1])
2025-09-18T00:11:25.579020+00:00 johnnymusk kernel: ACPI: LAPIC_NMI (acpi_id[0x5b] high edge lint[0x1])
2025-09-18T00:11:25.579020+00:00 johnnymusk kernel: ACPI: LAPIC_NMI (acpi_id[0x5c] high edge lint[0x1])
2025-09-18T00:11:25.579022+00:00 johnnymusk kernel: ACPI: LAPIC_NMI (acpi_id[0x5d] high edge lint[0x1])
2025-09-18T00:11:25.579023+00:00 johnnymusk kernel: ACPI: LAPIC_NMI (acpi_id[0x5e] high edge lint[0x1])
2025-09-18T00:11:25.579023+00:00 johnnymusk kernel: ACPI: LAPIC_NMI (acpi_id[0x5f] high edge lint[0x1])
2025-09-18T00:11:25.579023+00:00 johnnymusk kernel: ACPI: LAPIC_NMI (acpi_id[0x60] high edge lint[0x1])
2025-09-18T00:11:25.579023+00:00 johnnymusk kernel: ACPI: LAPIC_NMI (acpi_id[0x61] high edge lint[0x1])
2025-09-18T00:11:25.579024+00:00 johnnymusk kernel: ACPI: LAPIC_NMI (acpi_id[0x62] high edge lint[0x1])
2025-09-18T00:11:25.579024+00:00 johnnymusk kernel: ACPI: LAPIC_NMI (acpi_id[0x63] high edge lint[0x1])
2025-09-18T00:11:25.579025+00:00 johnnymusk kernel: ACPI: LAPIC_NMI (acpi_id[0x64] high edge lint[0x1])
2025-09-18T00:11:25.579031+00:00 johnnymusk kernel: ACPI: LAPIC_NMI (acpi_id[0x65] high edge lint[0x1])
2025-09-18T00:11:25.579032+00:00 johnnymusk kernel: ACPI: LAPIC_NMI (acpi_id[0x66] high edge lint[0x1])
2025-09-18T00:11:25.579032+00:00 johnnymusk kernel: ACPI: LAPIC_NMI (acpi_id[0x67] high edge lint[0x1])
2025-09-18T00:11:25.579032+00:00 johnnymusk kernel: ACPI: LAPIC_NMI (acpi_id[0x68] high edge lint[0x1])
2025-09-18T00:11:25.579033+00:00 johnnymusk kernel: ACPI: LAPIC_NMI (acpi_id[0x69] high edge lint[0x1])
2025-09-18T00:11:25.579034+00:00 johnnymusk kernel: ACPI: LAPIC_NMI (acpi_id[0x6a] high edge lint[0x1])
2025-09-18T00:11:25.579035+00:00 johnnymusk kernel: ACPI: LAPIC_NMI (acpi_id[0x6b] high edge lint[0x1])
2025-09-18T00:11:25.579035+00:00 johnnymusk kernel: ACPI: LAPIC_NMI (acpi_id[0x6c] high edge lint[0x1])
2025-09-18T00:11:25.579036+00:00 johnnymusk kernel: ACPI: LAPIC_NMI (acpi_id[0x6d] high edge lint[0x1])
2025-09-18T00:11:25.579036+00:00 johnnymusk kernel: ACPI: LAPIC_NMI (acpi_id[0x6e] high edge lint[0x1])
2025-09-18T00:11:25.579036+00:00 johnnymusk kernel: ACPI: LAPIC_NMI (acpi_id[0x6f] high edge lint[0x1])
2025-09-18T00:11:25.579036+00:00 johnnymusk kernel: ACPI: LAPIC_NMI (acpi_id[0x70] high edge lint[0x1])
2025-09-18T00:11:25.579042+00:00 johnnymusk kernel: ACPI: LAPIC_NMI (acpi_id[0x71] high edge lint[0x1])
2025-09-18T00:11:25.579043+00:00 johnnymusk kernel: ACPI: LAPIC_NMI (acpi_id[0x72] high edge lint[0x1])
2025-09-18T00:11:25.579043+00:00 johnnymusk kernel: ACPI: LAPIC_NMI (acpi_id[0x73] high edge lint[0x1])
2025-09-18T00:11:25.579044+00:00 johnnymusk kernel: ACPI: LAPIC_NMI (acpi_id[0x74] high edge lint[0x1])
2025-09-18T00:11:25.579044+00:00 johnnymusk kernel: ACPI: LAPIC_NMI (acpi_id[0x75] high edge lint[0x1])
2025-09-18T00:11:25.579044+00:00 johnnymusk kernel: ACPI: LAPIC_NMI (acpi_id[0x76] high edge lint[0x1])
2025-09-18T00:11:25.579047+00:00 johnnymusk kernel: ACPI: LAPIC_NMI (acpi_id[0x77] high edge lint[0x1])
2025-09-18T00:11:25.579048+00:00 johnnymusk kernel: ACPI: LAPIC_NMI (acpi_id[0x78] high edge lint[0x1])
2025-09-18T00:11:25.579048+00:00 johnnymusk kernel: ACPI: LAPIC_NMI (acpi_id[0x79] high edge lint[0x1])
2025-09-18T00:11:25.579048+00:00 johnnymusk kernel: ACPI: LAPIC_NMI (acpi_id[0x7a] high edge lint[0x1])
2025-09-18T00:11:25.579049+00:00 johnnymusk kernel: ACPI: LAPIC_NMI (acpi_id[0x7b] high edge lint[0x1])
2025-09-18T00:11:25.579049+00:00 johnnymusk kernel: ACPI: LAPIC_NMI (acpi_id[0x7c] high edge lint[0x1])
2025-09-18T00:11:25.579051+00:00 johnnymusk kernel: ACPI: LAPIC_NMI (acpi_id[0x7d] high edge lint[0x1])
2025-09-18T00:11:25.579052+00:00 johnnymusk kernel: ACPI: LAPIC_NMI (acpi_id[0x7e] high edge lint[0x1])
2025-09-18T00:11:25.579053+00:00 johnnymusk kernel: ACPI: LAPIC_NMI (acpi_id[0x7f] high edge lint[0x1])
2025-09-18T00:11:25.579053+00:00 johnnymusk kernel: IOAPIC[0]: apic_id 1, version 32, address 0xfec00000, GSI 0-23
2025-09-18T00:11:25.579053+00:00 johnnymusk kernel: ACPI: INT_SRC_OVR (bus 0 bus_irq 0 global_irq 2 high edge)
2025-09-18T00:11:25.579053+00:00 johnnymusk kernel: ACPI: Using ACPI (MADT) for SMP configuration information
2025-09-18T00:11:25.579075+00:00 johnnymusk kernel: ACPI: HPET id: 0x8086af01 base: 0xfed00000
2025-09-18T00:11:25.579078+00:00 johnnymusk kernel: CPU topo: Max. logical packages: 128
2025-09-18T00:11:25.579079+00:00 johnnymusk kernel: CPU topo: Max. logical dies:     128
2025-09-18T00:11:25.579079+00:00 johnnymusk kernel: CPU topo: Max. dies per package:   1
2025-09-18T00:11:25.579079+00:00 johnnymusk kernel: CPU topo: Max. threads per core:   1
2025-09-18T00:11:25.579080+00:00 johnnymusk kernel: CPU topo: Num. cores per package:     1
2025-09-18T00:11:25.579080+00:00 johnnymusk kernel: CPU topo: Num. threads per package:   1
2025-09-18T00:11:25.579082+00:00 johnnymusk kernel: CPU topo: Allowing 2 present CPUs plus 126 hotplug CPUs
2025-09-18T00:11:25.579083+00:00 johnnymusk kernel: PM: hibernation: Registered nosave memory: [mem 0x00000000-0x00000fff]
2025-09-18T00:11:25.579084+00:00 johnnymusk kernel: PM: hibernation: Registered nosave memory: [mem 0x0009e000-0x000fffff]
2025-09-18T00:11:25.579084+00:00 johnnymusk kernel: PM: hibernation: Registered nosave memory: [mem 0xbfed0000-0xbfefffff]
2025-09-18T00:11:25.579084+00:00 johnnymusk kernel: PM: hibernation: Registered nosave memory: [mem 0xc0000000-0xffffffff]
2025-09-18T00:11:25.579084+00:00 johnnymusk kernel: [mem 0xc0000000-0xefffffff] available for PCI devices
2025-09-18T00:11:25.579084+00:00 johnnymusk kernel: Booting paravirtualized kernel on VMware hypervisor
2025-09-18T00:11:25.579087+00:00 johnnymusk kernel: clocksource: refined-jiffies: mask: 0xffffffff max_cycles: 0xffffffff, max_idle_ns: 1910969940391419 ns
2025-09-18T00:11:25.579088+00:00 johnnymusk kernel: setup_percpu: NR_CPUS:8192 nr_cpumask_bits:128 nr_cpu_ids:128 nr_node_ids:1
2025-09-18T00:11:25.579088+00:00 johnnymusk kernel: percpu: Embedded 88 pages/cpu s237568 r8192 d114688 u524288
2025-09-18T00:11:25.579089+00:00 johnnymusk kernel: pcpu-alloc: s237568 r8192 d114688 u524288 alloc=1*2097152
2025-09-18T00:11:25.579089+00:00 johnnymusk kernel: pcpu-alloc: [0] 000 001 002 003 [0] 004 005 006 007 
2025-09-18T00:11:25.579089+00:00 johnnymusk kernel: pcpu-alloc: [0] 008 009 010 011 [0] 012 013 014 015 
2025-09-18T00:11:25.579092+00:00 johnnymusk kernel: pcpu-alloc: [0] 016 017 018 019 [0] 020 021 022 023 
2025-09-18T00:11:25.579093+00:00 johnnymusk kernel: pcpu-alloc: [0] 024 025 026 027 [0] 028 029 030 031 
2025-09-18T00:11:25.579093+00:00 johnnymusk kernel: pcpu-alloc: [0] 032 033 034 035 [0] 036 037 038 039 
2025-09-18T00:11:25.579093+00:00 johnnymusk kernel: pcpu-alloc: [0] 040 041 042 043 [0] 044 045 046 047 
2025-09-18T00:11:25.579093+00:00 johnnymusk kernel: pcpu-alloc: [0] 048 049 050 051 [0] 052 053 054 055 
2025-09-18T00:11:25.579093+00:00 johnnymusk kernel: pcpu-alloc: [0] 056 057 058 059 [0] 060 061 062 063 
2025-09-18T00:11:25.579096+00:00 johnnymusk kernel: pcpu-alloc: [0] 064 065 066 067 [0] 068 069 070 071 
2025-09-18T00:11:25.579097+00:00 johnnymusk kernel: pcpu-alloc: [0] 072 073 074 075 [0] 076 077 078 079 
2025-09-18T00:11:25.579097+00:00 johnnymusk kernel: pcpu-alloc: [0] 080 081 082 083 [0] 084 085 086 087 
2025-09-18T00:11:25.579097+00:00 johnnymusk kernel: pcpu-alloc: [0] 088 089 090 091 [0] 092 093 094 095 
2025-09-18T00:11:25.579098+00:00 johnnymusk kernel: pcpu-alloc: [0] 096 097 098 099 [0] 100 101 102 103 
2025-09-18T00:11:25.579098+00:00 johnnymusk kernel: pcpu-alloc: [0] 104 105 106 107 [0] 108 109 110 111 
2025-09-18T00:11:25.579098+00:00 johnnymusk kernel: pcpu-alloc: [0] 112 113 114 115 [0] 116 117 118 119 
2025-09-18T00:11:25.579101+00:00 johnnymusk kernel: pcpu-alloc: [0] 120 121 122 123 [0] 124 125 126 127 
2025-09-18T00:11:25.579102+00:00 johnnymusk kernel: Kernel command line: BOOT_IMAGE=/boot/vmlinuz-6.14.0-29-generic root=UUID=07e4d32b-db44-46fa-84d2-3153cbd6dd55 ro quiet splash
2025-09-18T00:11:25.579102+00:00 johnnymusk kernel: Unknown kernel command line parameters "splash BOOT_IMAGE=/boot/vmlinuz-6.14.0-29-generic", will be passed to user space.
2025-09-18T00:11:25.579102+00:00 johnnymusk kernel: random: crng init done
2025-09-18T00:11:25.579102+00:00 johnnymusk kernel: printk: log_buf_len individual max cpu contribution: 4096 bytes
2025-09-18T00:11:25.579103+00:00 johnnymusk kernel: printk: log_buf_len total cpu_extra contributions: 520192 bytes
2025-09-18T00:11:25.579105+00:00 johnnymusk kernel: printk: log_buf_len min size: 262144 bytes
2025-09-18T00:11:25.579106+00:00 johnnymusk kernel: printk: log buffer data + meta data: 1048576 + 3670016 = 4718592 bytes
2025-09-18T00:11:25.579106+00:00 johnnymusk kernel: printk: early log buf free: 244832(93%)
2025-09-18T00:11:25.579107+00:00 johnnymusk kernel: Dentry cache hash table entries: 524288 (order: 10, 4194304 bytes, linear)
2025-09-18T00:11:25.579107+00:00 johnnymusk kernel: Inode-cache hash table entries: 262144 (order: 9, 2097152 bytes, linear)
2025-09-18T00:11:25.579107+00:00 johnnymusk kernel: Fallback order for Node 0: 0 
2025-09-18T00:11:25.579110+00:00 johnnymusk kernel: Built 1 zonelists, mobility grouping on.  Total pages: 1048429
2025-09-18T00:11:25.579111+00:00 johnnymusk kernel: Policy zone: Normal
2025-09-18T00:11:25.579111+00:00 johnnymusk kernel: mem auto-init: stack:all(zero), heap alloc:on, heap free:off
2025-09-18T00:11:25.579111+00:00 johnnymusk kernel: software IO TLB: area num 128.
2025-09-18T00:11:25.579111+00:00 johnnymusk kernel: SLUB: HWalign=64, Order=0-3, MinObjects=0, CPUs=128, Nodes=1
2025-09-18T00:11:25.579112+00:00 johnnymusk kernel: Kernel/User page tables isolation: enabled
2025-09-18T00:11:25.579116+00:00 johnnymusk kernel: ftrace: allocating 60358 entries in 236 pages
2025-09-18T00:11:25.579117+00:00 johnnymusk kernel: ftrace: allocated 236 pages with 5 groups
2025-09-18T00:11:25.579117+00:00 johnnymusk kernel: Dynamic Preempt: voluntary
2025-09-18T00:11:25.579117+00:00 johnnymusk kernel: rcu: Preemptible hierarchical RCU implementation.
2025-09-18T00:11:25.579118+00:00 johnnymusk kernel: rcu: 	RCU restricting CPUs from NR_CPUS=8192 to nr_cpu_ids=128.
2025-09-18T00:11:25.579118+00:00 johnnymusk kernel: 	Trampoline variant of Tasks RCU enabled.
2025-09-18T00:11:25.579118+00:00 johnnymusk kernel: 	Rude variant of Tasks RCU enabled.
2025-09-18T00:11:25.579122+00:00 johnnymusk kernel: 	Tracing variant of Tasks RCU enabled.
2025-09-18T00:11:25.579123+00:00 johnnymusk kernel: rcu: RCU calculated value of scheduler-enlistment delay is 100 jiffies.
2025-09-18T00:11:25.579124+00:00 johnnymusk kernel: rcu: Adjusting geometry for rcu_fanout_leaf=16, nr_cpu_ids=128
2025-09-18T00:11:25.579124+00:00 johnnymusk kernel: RCU Tasks: Setting shift to 7 and lim to 1 rcu_task_cb_adjust=1 rcu_task_cpu_ids=128.
2025-09-18T00:11:25.579124+00:00 johnnymusk kernel: RCU Tasks Rude: Setting shift to 7 and lim to 1 rcu_task_cb_adjust=1 rcu_task_cpu_ids=128.
2025-09-18T00:11:25.579124+00:00 johnnymusk kernel: RCU Tasks Trace: Setting shift to 7 and lim to 1 rcu_task_cb_adjust=1 rcu_task_cpu_ids=128.
2025-09-18T00:11:25.579127+00:00 johnnymusk kernel: NR_IRQS: 524544, nr_irqs: 1448, preallocated irqs: 16
2025-09-18T00:11:25.579128+00:00 johnnymusk kernel: rcu: srcu_init: Setting srcu_struct sizes to big.
2025-09-18T00:11:25.579128+00:00 johnnymusk kernel: Console: colour VGA+ 80x25
2025-09-18T00:11:25.579128+00:00 johnnymusk kernel: printk: legacy console [tty0] enabled
2025-09-18T00:11:25.579129+00:00 johnnymusk kernel: ACPI: Core revision 20240827
2025-09-18T00:11:25.579129+00:00 johnnymusk kernel: clocksource: hpet: mask: 0xffffffff max_cycles: 0xffffffff, max_idle_ns: 133484882848 ns
2025-09-18T00:11:25.579129+00:00 johnnymusk kernel: APIC: Switch to symmetric I/O mode setup
2025-09-18T00:11:25.579132+00:00 johnnymusk kernel: x2apic enabled
2025-09-18T00:11:25.579133+00:00 johnnymusk kernel: APIC: Switched APIC routing to: physical x2apic
2025-09-18T00:11:25.579133+00:00 johnnymusk kernel: ..TIMER: vector=0x30 apic1=0 pin1=2 apic2=-1 pin2=-1
2025-09-18T00:11:25.579133+00:00 johnnymusk kernel: clocksource: tsc-early: mask: 0xffffffffffffffff max_cycles: 0x2b2c9b867fb, max_idle_ns: 440795318427 ns
2025-09-18T00:11:25.579133+00:00 johnnymusk kernel: Calibrating delay loop (skipped) preset value.. 5990.42 BogoMIPS (lpj=2995213)
2025-09-18T00:11:25.579134+00:00 johnnymusk kernel: x86/cpu: User Mode Instruction Prevention (UMIP) activated
2025-09-18T00:11:25.579136+00:00 johnnymusk kernel: Last level iTLB entries: 4KB 0, 2MB 0, 4MB 0
2025-09-18T00:11:25.579137+00:00 johnnymusk kernel: Last level dTLB entries: 4KB 0, 2MB 0, 4MB 0, 1GB 0
2025-09-18T00:11:25.579138+00:00 johnnymusk kernel: Spectre V1 : Mitigation: usercopy/swapgs barriers and __user pointer sanitization
2025-09-18T00:11:25.579138+00:00 johnnymusk kernel: Spectre V2 : Spectre BHI mitigation: SW BHB clearing on syscall and VM exit
2025-09-18T00:11:25.579138+00:00 johnnymusk kernel: Spectre V2 : Mitigation: IBRS
2025-09-18T00:11:25.579138+00:00 johnnymusk kernel: Spectre V2 : Spectre v2 / SpectreRSB: Filling RSB on context switch and VMEXIT
2025-09-18T00:11:25.579141+00:00 johnnymusk kernel: RETBleed: Mitigation: IBRS
2025-09-18T00:11:25.579142+00:00 johnnymusk kernel: Spectre V2 : mitigation: Enabling conditional Indirect Branch Prediction Barrier
2025-09-18T00:11:25.579142+00:00 johnnymusk kernel: Speculative Store Bypass: Mitigation: Speculative Store Bypass disabled via prctl
2025-09-18T00:11:25.579142+00:00 johnnymusk kernel: MDS: Mitigation: Clear CPU buffers
2025-09-18T00:11:25.579142+00:00 johnnymusk kernel: MMIO Stale Data: Unknown: No mitigations
2025-09-18T00:11:25.579143+00:00 johnnymusk kernel: Register File Data Sampling: Vulnerable: No microcode
2025-09-18T00:11:25.579143+00:00 johnnymusk kernel: ITS: Mitigation: Aligned branch/return thunks
2025-09-18T00:11:25.579146+00:00 johnnymusk kernel: x86/fpu: Supporting XSAVE feature 0x001: 'x87 floating point registers'
2025-09-18T00:11:25.579147+00:00 johnnymusk kernel: x86/fpu: Supporting XSAVE feature 0x002: 'SSE registers'
2025-09-18T00:11:25.579147+00:00 johnnymusk kernel: x86/fpu: Supporting XSAVE feature 0x004: 'AVX registers'
2025-09-18T00:11:25.579147+00:00 johnnymusk kernel: x86/fpu: xstate_offset[2]:  576, xstate_sizes[2]:  256
2025-09-18T00:11:25.579147+00:00 johnnymusk kernel: x86/fpu: Enabled xstate features 0x7, context size is 832 bytes, using 'compacted' format.
2025-09-18T00:11:25.579147+00:00 johnnymusk kernel: Freeing SMP alternatives memory: 48K
2025-09-18T00:11:25.579150+00:00 johnnymusk kernel: pid_max: default: 131072 minimum: 1024
2025-09-18T00:11:25.579151+00:00 johnnymusk kernel: LSM: initializing lsm=lockdown,capability,landlock,yama,apparmor,ima,evm
2025-09-18T00:11:25.579151+00:00 johnnymusk kernel: landlock: Up and running.
2025-09-18T00:11:25.579151+00:00 johnnymusk kernel: Yama: becoming mindful.
2025-09-18T00:11:25.579152+00:00 johnnymusk kernel: AppArmor: AppArmor initialized
2025-09-18T00:11:25.579152+00:00 johnnymusk kernel: Mount-cache hash table entries: 8192 (order: 4, 65536 bytes, linear)
2025-09-18T00:11:25.579154+00:00 johnnymusk kernel: Mountpoint-cache hash table entries: 8192 (order: 4, 65536 bytes, linear)
2025-09-18T00:11:25.579155+00:00 johnnymusk kernel: smpboot: CPU0: 13th Gen Intel(R) Core(TM) i9-13900H (family: 0x6, model: 0xba, stepping: 0x2)
2025-09-18T00:11:25.579156+00:00 johnnymusk kernel: Performance Events: Alderlake Hybrid events, core PMU driver.
2025-09-18T00:11:25.579156+00:00 johnnymusk kernel: core: CPUID marked event: 'cpu cycles' unavailable
2025-09-18T00:11:25.579156+00:00 johnnymusk kernel: core: CPUID marked event: 'instructions' unavailable
2025-09-18T00:11:25.579156+00:00 johnnymusk kernel: core: CPUID marked event: 'bus cycles' unavailable
2025-09-18T00:11:25.579156+00:00 johnnymusk kernel: core: CPUID marked event: 'cache references' unavailable
2025-09-18T00:11:25.579180+00:00 johnnymusk kernel: core: CPUID marked event: 'cache misses' unavailable
2025-09-18T00:11:25.579181+00:00 johnnymusk kernel: core: CPUID marked event: 'branch instructions' unavailable
2025-09-18T00:11:25.579181+00:00 johnnymusk kernel: core: CPUID marked event: 'branch misses' unavailable
2025-09-18T00:11:25.579181+00:00 johnnymusk kernel: core: cpu_core PMU driver: 
2025-09-18T00:11:25.579182+00:00 johnnymusk kernel: ... version:                1
2025-09-18T00:11:25.579182+00:00 johnnymusk kernel: ... bit width:              48
2025-09-18T00:11:25.579185+00:00 johnnymusk kernel: ... generic registers:      6
2025-09-18T00:11:25.579186+00:00 johnnymusk kernel: ... value mask:             0000ffffffffffff
2025-09-18T00:11:25.579188+00:00 johnnymusk kernel: ... max period:             000000007fffffff
2025-09-18T00:11:25.579189+00:00 johnnymusk kernel: ... fixed-purpose events:   0
2025-09-18T00:11:25.579189+00:00 johnnymusk kernel: ... event mask:             000100000000003f
2025-09-18T00:11:25.579189+00:00 johnnymusk kernel: signal: max sigframe size: 1776
2025-09-18T00:11:25.579189+00:00 johnnymusk kernel: rcu: Hierarchical SRCU implementation.
2025-09-18T00:11:25.579192+00:00 johnnymusk kernel: rcu: 	Max phase no-delay instances is 400.
2025-09-18T00:11:25.579193+00:00 johnnymusk kernel: Timer migration: 3 hierarchy levels; 8 children per group; 3 crossnode level
2025-09-18T00:11:25.579193+00:00 johnnymusk kernel: NMI watchdog: Perf NMI watchdog permanently disabled
2025-09-18T00:11:25.579193+00:00 johnnymusk kernel: smp: Bringing up secondary CPUs ...
2025-09-18T00:11:25.579193+00:00 johnnymusk kernel: smpboot: x86: Booting SMP configuration:
2025-09-18T00:11:25.579194+00:00 johnnymusk kernel: .... node  #0, CPUs:          #1
2025-09-18T00:11:25.579196+00:00 johnnymusk kernel: smp: Brought up 1 node, 2 CPUs
2025-09-18T00:11:25.579197+00:00 johnnymusk kernel: smpboot: Total of 2 processors activated (11980.85 BogoMIPS)
2025-09-18T00:11:25.579197+00:00 johnnymusk kernel: Memory: 3866828K/4193716K available (21446K kernel code, 4573K rwdata, 15052K rodata, 5132K init, 4436K bss, 313912K reserved, 0K cma-reserved)
2025-09-18T00:11:25.579198+00:00 johnnymusk kernel: devtmpfs: initialized
2025-09-18T00:11:25.579198+00:00 johnnymusk kernel: x86/mm: Memory block size: 128MB
2025-09-18T00:11:25.579198+00:00 johnnymusk kernel: ACPI: PM: Registering ACPI NVS region [mem 0xbfeff000-0xbfefffff] (4096 bytes)
2025-09-18T00:11:25.579201+00:00 johnnymusk kernel: clocksource: jiffies: mask: 0xffffffff max_cycles: 0xffffffff, max_idle_ns: 1911260446275000 ns
2025-09-18T00:11:25.579202+00:00 johnnymusk kernel: futex hash table entries: 32768 (order: 9, 2097152 bytes, linear)
2025-09-18T00:11:25.579202+00:00 johnnymusk kernel: pinctrl core: initialized pinctrl subsystem
2025-09-18T00:11:25.579202+00:00 johnnymusk kernel: PM: RTC time: 00:11:14, date: 2025-09-18
2025-09-18T00:11:25.579202+00:00 johnnymusk kernel: NET: Registered PF_NETLINK/PF_ROUTE protocol family
2025-09-18T00:11:25.579202+00:00 johnnymusk kernel: DMA: preallocated 512 KiB GFP_KERNEL pool for atomic allocations
2025-09-18T00:11:25.579203+00:00 johnnymusk kernel: DMA: preallocated 512 KiB GFP_KERNEL|GFP_DMA pool for atomic allocations
2025-09-18T00:11:25.579205+00:00 johnnymusk kernel: DMA: preallocated 512 KiB GFP_KERNEL|GFP_DMA32 pool for atomic allocations
2025-09-18T00:11:25.579206+00:00 johnnymusk kernel: audit: initializing netlink subsys (disabled)
2025-09-18T00:11:25.579206+00:00 johnnymusk kernel: audit: type=2000 audit(1758154274.315:1): state=initialized audit_enabled=0 res=1
2025-09-18T00:11:25.579207+00:00 johnnymusk kernel: thermal_sys: Registered thermal governor 'fair_share'
2025-09-18T00:11:25.579207+00:00 johnnymusk kernel: thermal_sys: Registered thermal governor 'bang_bang'
2025-09-18T00:11:25.579207+00:00 johnnymusk kernel: thermal_sys: Registered thermal governor 'step_wise'
2025-09-18T00:11:25.579210+00:00 johnnymusk kernel: thermal_sys: Registered thermal governor 'user_space'
2025-09-18T00:11:25.579211+00:00 johnnymusk kernel: thermal_sys: Registered thermal governor 'power_allocator'
2025-09-18T00:11:25.579211+00:00 johnnymusk kernel: cpuidle: using governor ladder
2025-09-18T00:11:25.579211+00:00 johnnymusk kernel: cpuidle: using governor menu
2025-09-18T00:11:25.579211+00:00 johnnymusk kernel: Simple Boot Flag at 0x36 set to 0x80
2025-09-18T00:11:25.579212+00:00 johnnymusk kernel: acpiphp: ACPI Hot Plug PCI Controller Driver version: 0.5
2025-09-18T00:11:25.579214+00:00 johnnymusk kernel: PCI: ECAM [mem 0xf0000000-0xf7ffffff] (base 0xf0000000) for domain 0000 [bus 00-7f]
2025-09-18T00:11:25.579215+00:00 johnnymusk kernel: PCI: Using configuration type 1 for base access
2025-09-18T00:11:25.579215+00:00 johnnymusk kernel: kprobes: kprobe jump-optimization is enabled. All kprobes are optimized if possible.
2025-09-18T00:11:25.579216+00:00 johnnymusk kernel: HugeTLB: registered 1.00 GiB page size, pre-allocated 0 pages
2025-09-18T00:11:25.579216+00:00 johnnymusk kernel: HugeTLB: 16380 KiB vmemmap can be freed for a 1.00 GiB page
2025-09-18T00:11:25.579216+00:00 johnnymusk kernel: HugeTLB: registered 2.00 MiB page size, pre-allocated 0 pages
2025-09-18T00:11:25.579216+00:00 johnnymusk kernel: HugeTLB: 28 KiB vmemmap can be freed for a 2.00 MiB page
2025-09-18T00:11:25.579219+00:00 johnnymusk kernel: ACPI: Added _OSI(Module Device)
2025-09-18T00:11:25.579220+00:00 johnnymusk kernel: ACPI: Added _OSI(Processor Device)
2025-09-18T00:11:25.579220+00:00 johnnymusk kernel: ACPI: Added _OSI(3.0 _SCP Extensions)
2025-09-18T00:11:25.579220+00:00 johnnymusk kernel: ACPI: Added _OSI(Processor Aggregator Device)
2025-09-18T00:11:25.579220+00:00 johnnymusk kernel: ACPI: 1 ACPI AML tables successfully acquired and loaded
2025-09-18T00:11:25.579220+00:00 johnnymusk kernel: ACPI: [Firmware Bug]: BIOS _OSI(Linux) query ignored
2025-09-18T00:11:25.579223+00:00 johnnymusk kernel: ACPI: Interpreter enabled
2025-09-18T00:11:25.579224+00:00 johnnymusk kernel: ACPI: PM: (supports S0 S1 S4 S5)
2025-09-18T00:11:25.579224+00:00 johnnymusk kernel: ACPI: Using IOAPIC for interrupt routing
2025-09-18T00:11:25.579224+00:00 johnnymusk kernel: PCI: Using host bridge windows from ACPI; if necessary, use "pci=nocrs" and report a bug
2025-09-18T00:11:25.579225+00:00 johnnymusk kernel: PCI: Using E820 reservations for host bridge windows
2025-09-18T00:11:25.579225+00:00 johnnymusk kernel: ACPI: Enabled 4 GPEs in block 00 to 0F
2025-09-18T00:11:25.579225+00:00 johnnymusk kernel: ACPI: PCI Root Bridge [PCI0] (domain 0000 [bus 00-7f])
2025-09-18T00:11:25.579228+00:00 johnnymusk kernel: acpi PNP0A03:00: _OSC: OS supports [ExtendedConfig ASPM ClockPM Segments MSI EDR HPX-Type3]
2025-09-18T00:11:25.579229+00:00 johnnymusk kernel: acpi PNP0A03:00: _OSC: platform does not support [AER LTR DPC]
2025-09-18T00:11:25.579229+00:00 johnnymusk kernel: acpi PNP0A03:00: _OSC: OS now controls [PCIeHotplug SHPCHotplug PME PCIeCapability]
2025-09-18T00:11:25.579229+00:00 johnnymusk kernel: PCI host bridge to bus 0000:00
2025-09-18T00:11:25.579229+00:00 johnnymusk kernel: pci_bus 0000:00: root bus resource [mem 0x000a0000-0x000bffff window]
2025-09-18T00:11:25.579230+00:00 johnnymusk kernel: pci_bus 0000:00: root bus resource [mem 0x000d0000-0x000dbfff window]
2025-09-18T00:11:25.579233+00:00 johnnymusk kernel: pci_bus 0000:00: root bus resource [mem 0xc0000000-0xfebfffff window]
2025-09-18T00:11:25.579234+00:00 johnnymusk kernel: pci_bus 0000:00: root bus resource [io  0x0000-0x0cf7 window]
2025-09-18T00:11:25.579234+00:00 johnnymusk kernel: pci_bus 0000:00: root bus resource [io  0x0d00-0xfeff window]
2025-09-18T00:11:25.579234+00:00 johnnymusk kernel: pci_bus 0000:00: root bus resource [bus 00-7f]
2025-09-18T00:11:25.579234+00:00 johnnymusk kernel: pci 0000:00:00.0: [8086:7190] type 00 class 0x060000 conventional PCI endpoint
2025-09-18T00:11:25.579234+00:00 johnnymusk kernel: pci 0000:00:01.0: [8086:7191] type 01 class 0x060400 conventional PCI bridge
2025-09-18T00:11:25.579237+00:00 johnnymusk kernel: pci 0000:00:01.0: PCI bridge to [bus 01]
2025-09-18T00:11:25.579238+00:00 johnnymusk kernel: pci 0000:00:07.0: [8086:7110] type 00 class 0x060100 conventional PCI endpoint
2025-09-18T00:11:25.579238+00:00 johnnymusk kernel: pci 0000:00:07.1: [8086:7111] type 00 class 0x01018a conventional PCI endpoint
2025-09-18T00:11:25.579238+00:00 johnnymusk kernel: pci 0000:00:07.1: BAR 4 [io  0x1060-0x106f]
2025-09-18T00:11:25.579239+00:00 johnnymusk kernel: pci 0000:00:07.1: BAR 0 [io  0x01f0-0x01f7]: legacy IDE quirk
2025-09-18T00:11:25.579239+00:00 johnnymusk kernel: pci 0000:00:07.1: BAR 1 [io  0x03f6]: legacy IDE quirk
2025-09-18T00:11:25.579239+00:00 johnnymusk kernel: pci 0000:00:07.1: BAR 2 [io  0x0170-0x0177]: legacy IDE quirk
2025-09-18T00:11:25.579242+00:00 johnnymusk kernel: pci 0000:00:07.1: BAR 3 [io  0x0376]: legacy IDE quirk
2025-09-18T00:11:25.579243+00:00 johnnymusk kernel: pci 0000:00:07.3: [8086:7113] type 00 class 0x068000 conventional PCI endpoint
2025-09-18T00:11:25.579243+00:00 johnnymusk kernel: pci 0000:00:07.3: quirk: [io  0x1000-0x103f] claimed by PIIX4 ACPI
2025-09-18T00:11:25.579243+00:00 johnnymusk kernel: pci 0000:00:07.3: quirk: [io  0x1040-0x104f] claimed by PIIX4 SMB
2025-09-18T00:11:25.579243+00:00 johnnymusk kernel: pci 0000:00:07.7: [15ad:0740] type 00 class 0x088000 conventional PCI endpoint
2025-09-18T00:11:25.579243+00:00 johnnymusk kernel: pci 0000:00:07.7: BAR 0 [io  0x1080-0x10bf]
2025-09-18T00:11:25.579246+00:00 johnnymusk kernel: pci 0000:00:07.7: BAR 1 [mem 0xfebc0000-0xfebfffff 64bit]
2025-09-18T00:11:25.579247+00:00 johnnymusk kernel: pci 0000:00:0f.0: [15ad:0405] type 00 class 0x030000 conventional PCI endpoint
2025-09-18T00:11:25.579247+00:00 johnnymusk kernel: pci 0000:00:0f.0: BAR 0 [io  0x1070-0x107f]
2025-09-18T00:11:25.579247+00:00 johnnymusk kernel: pci 0000:00:0f.0: BAR 1 [mem 0xe8000000-0xefffffff pref]
2025-09-18T00:11:25.579248+00:00 johnnymusk kernel: pci 0000:00:0f.0: BAR 2 [mem 0xfe000000-0xfe7fffff]
2025-09-18T00:11:25.579248+00:00 johnnymusk kernel: pci 0000:00:0f.0: ROM [mem 0x00000000-0x00007fff pref]
2025-09-18T00:11:25.579248+00:00 johnnymusk kernel: pci 0000:00:0f.0: Video device with shadowed ROM at [mem 0x000c0000-0x000dffff]
2025-09-18T00:11:25.579251+00:00 johnnymusk kernel: pci 0000:00:10.0: [1000:0030] type 00 class 0x010000 conventional PCI endpoint
2025-09-18T00:11:25.579251+00:00 johnnymusk kernel: pci 0000:00:10.0: BAR 0 [io  0x1400-0x14ff]
2025-09-18T00:11:25.579252+00:00 johnnymusk kernel: pci 0000:00:10.0: BAR 1 [mem 0xfeb80000-0xfeb9ffff 64bit]
2025-09-18T00:11:25.579252+00:00 johnnymusk kernel: pci 0000:00:10.0: BAR 3 [mem 0xfeba0000-0xfebbffff 64bit]
2025-09-18T00:11:25.579252+00:00 johnnymusk kernel: pci 0000:00:10.0: ROM [mem 0x00000000-0x00003fff pref]
2025-09-18T00:11:25.579252+00:00 johnnymusk kernel: pci 0000:00:11.0: [15ad:0790] type 01 class 0x060401 conventional PCI bridge
2025-09-18T00:11:25.579255+00:00 johnnymusk kernel: pci 0000:00:11.0: PCI bridge to [bus 02] (subtractive decode)
2025-09-18T00:11:25.579256+00:00 johnnymusk kernel: pci 0000:00:11.0:   bridge window [io  0x2000-0x3fff]
2025-09-18T00:11:25.579256+00:00 johnnymusk kernel: pci 0000:00:11.0:   bridge window [mem 0xfd500000-0xfdffffff]
2025-09-18T00:11:25.579256+00:00 johnnymusk kernel: pci 0000:00:11.0:   bridge window [mem 0xe7b00000-0xe7ffffff 64bit pref]
2025-09-18T00:11:25.579257+00:00 johnnymusk kernel: pci 0000:00:15.0: [15ad:07a0] type 01 class 0x060400 PCIe Root Port
2025-09-18T00:11:25.579257+00:00 johnnymusk kernel: pci 0000:00:15.0: PCI bridge to [bus 03]
2025-09-18T00:11:25.579259+00:00 johnnymusk kernel: pci 0000:00:15.0:   bridge window [io  0x4000-0x4fff]
2025-09-18T00:11:25.579280+00:00 johnnymusk kernel: pci 0000:00:15.0:   bridge window [mem 0xfd400000-0xfd4fffff]
2025-09-18T00:11:25.579281+00:00 johnnymusk kernel: pci 0000:00:15.0:   bridge window [mem 0xe7a00000-0xe7afffff 64bit pref]
2025-09-18T00:11:25.579281+00:00 johnnymusk kernel: pci 0000:00:15.0: PME# supported from D0 D3hot D3cold
2025-09-18T00:11:25.579282+00:00 johnnymusk kernel: pci 0000:00:15.1: [15ad:07a0] type 01 class 0x060400 PCIe Root Port
2025-09-18T00:11:25.579282+00:00 johnnymusk kernel: pci 0000:00:15.1: PCI bridge to [bus 04]
2025-09-18T00:11:25.579282+00:00 johnnymusk kernel: pci 0000:00:15.1:   bridge window [io  0x8000-0x8fff]
2025-09-18T00:11:25.579285+00:00 johnnymusk kernel: pci 0000:00:15.1:   bridge window [mem 0xfd000000-0xfd0fffff]
2025-09-18T00:11:25.579285+00:00 johnnymusk kernel: pci 0000:00:15.1:   bridge window [mem 0xe7600000-0xe76fffff 64bit pref]
2025-09-18T00:11:25.579286+00:00 johnnymusk kernel: pci 0000:00:15.1: PME# supported from D0 D3hot D3cold
2025-09-18T00:11:25.579286+00:00 johnnymusk kernel: pci 0000:00:15.2: [15ad:07a0] type 01 class 0x060400 PCIe Root Port
2025-09-18T00:11:25.579286+00:00 johnnymusk kernel: pci 0000:00:15.2: PCI bridge to [bus 05]
2025-09-18T00:11:25.579286+00:00 johnnymusk kernel: pci 0000:00:15.2:   bridge window [io  0xc000-0xcfff]
2025-09-18T00:11:25.579289+00:00 johnnymusk kernel: pci 0000:00:15.2:   bridge window [mem 0xfcc00000-0xfccfffff]
2025-09-18T00:11:25.579290+00:00 johnnymusk kernel: pci 0000:00:15.2:   bridge window [mem 0xe7200000-0xe72fffff 64bit pref]
2025-09-18T00:11:25.579290+00:00 johnnymusk kernel: pci 0000:00:15.2: PME# supported from D0 D3hot D3cold
2025-09-18T00:11:25.579290+00:00 johnnymusk kernel: pci 0000:00:15.3: [15ad:07a0] type 01 class 0x060400 PCIe Root Port
2025-09-18T00:11:25.579290+00:00 johnnymusk kernel: pci 0000:00:15.3: PCI bridge to [bus 06]
2025-09-18T00:11:25.579291+00:00 johnnymusk kernel: pci 0000:00:15.3:   bridge window [mem 0xfc800000-0xfc8fffff]
2025-09-18T00:11:25.579291+00:00 johnnymusk kernel: pci 0000:00:15.3:   bridge window [mem 0xe6e00000-0xe6efffff 64bit pref]
2025-09-18T00:11:25.579294+00:00 johnnymusk kernel: pci 0000:00:15.3: PME# supported from D0 D3hot D3cold
2025-09-18T00:11:25.579294+00:00 johnnymusk kernel: pci 0000:00:15.4: [15ad:07a0] type 01 class 0x060400 PCIe Root Port
2025-09-18T00:11:25.579295+00:00 johnnymusk kernel: pci 0000:00:15.4: PCI bridge to [bus 07]
2025-09-18T00:11:25.579295+00:00 johnnymusk kernel: pci 0000:00:15.4:   bridge window [mem 0xfc400000-0xfc4fffff]
2025-09-18T00:11:25.579295+00:00 johnnymusk kernel: pci 0000:00:15.4:   bridge window [mem 0xe6a00000-0xe6afffff 64bit pref]
2025-09-18T00:11:25.579295+00:00 johnnymusk kernel: pci 0000:00:15.4: PME# supported from D0 D3hot D3cold
2025-09-18T00:11:25.579298+00:00 johnnymusk kernel: pci 0000:00:15.5: [15ad:07a0] type 01 class 0x060400 PCIe Root Port
2025-09-18T00:11:25.579299+00:00 johnnymusk kernel: pci 0000:00:15.5: PCI bridge to [bus 08]
2025-09-18T00:11:25.579299+00:00 johnnymusk kernel: pci 0000:00:15.5:   bridge window [mem 0xfc000000-0xfc0fffff]
2025-09-18T00:11:25.579299+00:00 johnnymusk kernel: pci 0000:00:15.5:   bridge window [mem 0xe6600000-0xe66fffff 64bit pref]
2025-09-18T00:11:25.579299+00:00 johnnymusk kernel: pci 0000:00:15.5: PME# supported from D0 D3hot D3cold
2025-09-18T00:11:25.579300+00:00 johnnymusk kernel: pci 0000:00:15.6: [15ad:07a0] type 01 class 0x060400 PCIe Root Port
2025-09-18T00:11:25.579304+00:00 johnnymusk kernel: pci 0000:00:15.6: PCI bridge to [bus 09]
2025-09-18T00:11:25.579305+00:00 johnnymusk kernel: pci 0000:00:15.6:   bridge window [mem 0xfbc00000-0xfbcfffff]
2025-09-18T00:11:25.579305+00:00 johnnymusk kernel: pci 0000:00:15.6:   bridge window [mem 0xe6200000-0xe62fffff 64bit pref]
2025-09-18T00:11:25.579305+00:00 johnnymusk kernel: pci 0000:00:15.6: PME# supported from D0 D3hot D3cold
2025-09-18T00:11:25.579305+00:00 johnnymusk kernel: pci 0000:00:15.7: [15ad:07a0] type 01 class 0x060400 PCIe Root Port
2025-09-18T00:11:25.579305+00:00 johnnymusk kernel: pci 0000:00:15.7: PCI bridge to [bus 0a]
2025-09-18T00:11:25.579306+00:00 johnnymusk kernel: pci 0000:00:15.7:   bridge window [mem 0xfb800000-0xfb8fffff]
2025-09-18T00:11:25.579308+00:00 johnnymusk kernel: pci 0000:00:15.7:   bridge window [mem 0xe5e00000-0xe5efffff 64bit pref]
2025-09-18T00:11:25.579309+00:00 johnnymusk kernel: pci 0000:00:15.7: PME# supported from D0 D3hot D3cold
2025-09-18T00:11:25.579309+00:00 johnnymusk kernel: pci 0000:00:16.0: [15ad:07a0] type 01 class 0x060400 PCIe Root Port
2025-09-18T00:11:25.579310+00:00 johnnymusk kernel: pci 0000:00:16.0: PCI bridge to [bus 0b]
2025-09-18T00:11:25.579310+00:00 johnnymusk kernel: pci 0000:00:16.0:   bridge window [io  0x5000-0x5fff]
2025-09-18T00:11:25.579310+00:00 johnnymusk kernel: pci 0000:00:16.0:   bridge window [mem 0xfd300000-0xfd3fffff]
2025-09-18T00:11:25.579313+00:00 johnnymusk kernel: pci 0000:00:16.0:   bridge window [mem 0xe7900000-0xe79fffff 64bit pref]
2025-09-18T00:11:25.579314+00:00 johnnymusk kernel: pci 0000:00:16.0: PME# supported from D0 D3hot D3cold
2025-09-18T00:11:25.579314+00:00 johnnymusk kernel: pci 0000:00:16.1: [15ad:07a0] type 01 class 0x060400 PCIe Root Port
2025-09-18T00:11:25.579314+00:00 johnnymusk kernel: pci 0000:00:16.1: PCI bridge to [bus 0c]
2025-09-18T00:11:25.579314+00:00 johnnymusk kernel: pci 0000:00:16.1:   bridge window [io  0x9000-0x9fff]
2025-09-18T00:11:25.579314+00:00 johnnymusk kernel: pci 0000:00:16.1:   bridge window [mem 0xfcf00000-0xfcffffff]
2025-09-18T00:11:25.579315+00:00 johnnymusk kernel: pci 0000:00:16.1:   bridge window [mem 0xe7500000-0xe75fffff 64bit pref]
2025-09-18T00:11:25.579317+00:00 johnnymusk kernel: pci 0000:00:16.1: PME# supported from D0 D3hot D3cold
2025-09-18T00:11:25.579318+00:00 johnnymusk kernel: pci 0000:00:16.2: [15ad:07a0] type 01 class 0x060400 PCIe Root Port
2025-09-18T00:11:25.579318+00:00 johnnymusk kernel: pci 0000:00:16.2: PCI bridge to [bus 0d]
2025-09-18T00:11:25.579319+00:00 johnnymusk kernel: pci 0000:00:16.2:   bridge window [io  0xd000-0xdfff]
2025-09-18T00:11:25.579319+00:00 johnnymusk kernel: pci 0000:00:16.2:   bridge window [mem 0xfcb00000-0xfcbfffff]
2025-09-18T00:11:25.579319+00:00 johnnymusk kernel: pci 0000:00:16.2:   bridge window [mem 0xe7100000-0xe71fffff 64bit pref]
2025-09-18T00:11:25.579322+00:00 johnnymusk kernel: pci 0000:00:16.2: PME# supported from D0 D3hot D3cold
2025-09-18T00:11:25.579323+00:00 johnnymusk kernel: pci 0000:00:16.3: [15ad:07a0] type 01 class 0x060400 PCIe Root Port
2025-09-18T00:11:25.579323+00:00 johnnymusk kernel: pci 0000:00:16.3: PCI bridge to [bus 0e]
2025-09-18T00:11:25.579323+00:00 johnnymusk kernel: pci 0000:00:16.3:   bridge window [mem 0xfc700000-0xfc7fffff]
2025-09-18T00:11:25.579323+00:00 johnnymusk kernel: pci 0000:00:16.3:   bridge window [mem 0xe6d00000-0xe6dfffff 64bit pref]
2025-09-18T00:11:25.579323+00:00 johnnymusk kernel: pci 0000:00:16.3: PME# supported from D0 D3hot D3cold
2025-09-18T00:11:25.579326+00:00 johnnymusk kernel: pci 0000:00:16.4: [15ad:07a0] type 01 class 0x060400 PCIe Root Port
2025-09-18T00:11:25.579327+00:00 johnnymusk kernel: pci 0000:00:16.4: PCI bridge to [bus 0f]
2025-09-18T00:11:25.579327+00:00 johnnymusk kernel: pci 0000:00:16.4:   bridge window [mem 0xfc300000-0xfc3fffff]
2025-09-18T00:11:25.579327+00:00 johnnymusk kernel: pci 0000:00:16.4:   bridge window [mem 0xe6900000-0xe69fffff 64bit pref]
2025-09-18T00:11:25.579328+00:00 johnnymusk kernel: pci 0000:00:16.4: PME# supported from D0 D3hot D3cold
2025-09-18T00:11:25.579328+00:00 johnnymusk kernel: pci 0000:00:16.5: [15ad:07a0] type 01 class 0x060400 PCIe Root Port
2025-09-18T00:11:25.579328+00:00 johnnymusk kernel: pci 0000:00:16.5: PCI bridge to [bus 10]
2025-09-18T00:11:25.579331+00:00 johnnymusk kernel: pci 0000:00:16.5:   bridge window [mem 0xfbf00000-0xfbffffff]
2025-09-18T00:11:25.579332+00:00 johnnymusk kernel: pci 0000:00:16.5:   bridge window [mem 0xe6500000-0xe65fffff 64bit pref]
2025-09-18T00:11:25.579332+00:00 johnnymusk kernel: pci 0000:00:16.5: PME# supported from D0 D3hot D3cold
2025-09-18T00:11:25.579332+00:00 johnnymusk kernel: pci 0000:00:16.6: [15ad:07a0] type 01 class 0x060400 PCIe Root Port
2025-09-18T00:11:25.579332+00:00 johnnymusk kernel: pci 0000:00:16.6: PCI bridge to [bus 11]
2025-09-18T00:11:25.579332+00:00 johnnymusk kernel: pci 0000:00:16.6:   bridge window [mem 0xfbb00000-0xfbbfffff]
2025-09-18T00:11:25.579335+00:00 johnnymusk kernel: pci 0000:00:16.6:   bridge window [mem 0xe6100000-0xe61fffff 64bit pref]
2025-09-18T00:11:25.579336+00:00 johnnymusk kernel: pci 0000:00:16.6: PME# supported from D0 D3hot D3cold
2025-09-18T00:11:25.579336+00:00 johnnymusk kernel: pci 0000:00:16.7: [15ad:07a0] type 01 class 0x060400 PCIe Root Port
2025-09-18T00:11:25.579336+00:00 johnnymusk kernel: pci 0000:00:16.7: PCI bridge to [bus 12]
2025-09-18T00:11:25.579337+00:00 johnnymusk kernel: pci 0000:00:16.7:   bridge window [mem 0xfb700000-0xfb7fffff]
2025-09-18T00:11:25.579337+00:00 johnnymusk kernel: pci 0000:00:16.7:   bridge window [mem 0xe5d00000-0xe5dfffff 64bit pref]
2025-09-18T00:11:25.579337+00:00 johnnymusk kernel: pci 0000:00:16.7: PME# supported from D0 D3hot D3cold
2025-09-18T00:11:25.579340+00:00 johnnymusk kernel: pci 0000:00:17.0: [15ad:07a0] type 01 class 0x060400 PCIe Root Port
2025-09-18T00:11:25.579340+00:00 johnnymusk kernel: pci 0000:00:17.0: PCI bridge to [bus 13]
2025-09-18T00:11:25.579341+00:00 johnnymusk kernel: pci 0000:00:17.0:   bridge window [io  0x6000-0x6fff]
2025-09-18T00:11:25.579341+00:00 johnnymusk kernel: pci 0000:00:17.0:   bridge window [mem 0xfd200000-0xfd2fffff]
2025-09-18T00:11:25.579341+00:00 johnnymusk kernel: pci 0000:00:17.0:   bridge window [mem 0xe7800000-0xe78fffff 64bit pref]
2025-09-18T00:11:25.579341+00:00 johnnymusk kernel: pci 0000:00:17.0: PME# supported from D0 D3hot D3cold
2025-09-18T00:11:25.579344+00:00 johnnymusk kernel: pci 0000:00:17.1: [15ad:07a0] type 01 class 0x060400 PCIe Root Port
2025-09-18T00:11:25.579345+00:00 johnnymusk kernel: pci 0000:00:17.1: PCI bridge to [bus 14]
2025-09-18T00:11:25.579345+00:00 johnnymusk kernel: pci 0000:00:17.1:   bridge window [io  0xa000-0xafff]
2025-09-18T00:11:25.579345+00:00 johnnymusk kernel: pci 0000:00:17.1:   bridge window [mem 0xfce00000-0xfcefffff]
2025-09-18T00:11:25.579345+00:00 johnnymusk kernel: pci 0000:00:17.1:   bridge window [mem 0xe7400000-0xe74fffff 64bit pref]
2025-09-18T00:11:25.579346+00:00 johnnymusk kernel: pci 0000:00:17.1: PME# supported from D0 D3hot D3cold
2025-09-18T00:11:25.579348+00:00 johnnymusk kernel: pci 0000:00:17.2: [15ad:07a0] type 01 class 0x060400 PCIe Root Port
2025-09-18T00:11:25.579349+00:00 johnnymusk kernel: pci 0000:00:17.2: PCI bridge to [bus 15]
2025-09-18T00:11:25.579349+00:00 johnnymusk kernel: pci 0000:00:17.2:   bridge window [io  0xe000-0xefff]
2025-09-18T00:11:25.579349+00:00 johnnymusk kernel: pci 0000:00:17.2:   bridge window [mem 0xfca00000-0xfcafffff]
2025-09-18T00:11:25.579350+00:00 johnnymusk kernel: pci 0000:00:17.2:   bridge window [mem 0xe7000000-0xe70fffff 64bit pref]
2025-09-18T00:11:25.579350+00:00 johnnymusk kernel: pci 0000:00:17.2: PME# supported from D0 D3hot D3cold
2025-09-18T00:11:25.579350+00:00 johnnymusk kernel: pci 0000:00:17.3: [15ad:07a0] type 01 class 0x060400 PCIe Root Port
2025-09-18T00:11:25.579353+00:00 johnnymusk kernel: pci 0000:00:17.3: PCI bridge to [bus 16]
2025-09-18T00:11:25.579354+00:00 johnnymusk kernel: pci 0000:00:17.3:   bridge window [mem 0xfc600000-0xfc6fffff]
2025-09-18T00:11:25.579376+00:00 johnnymusk kernel: pci 0000:00:17.3:   bridge window [mem 0xe6c00000-0xe6cfffff 64bit pref]
2025-09-18T00:11:25.579376+00:00 johnnymusk kernel: pci 0000:00:17.3: PME# supported from D0 D3hot D3cold
2025-09-18T00:11:25.579376+00:00 johnnymusk kernel: pci 0000:00:17.4: [15ad:07a0] type 01 class 0x060400 PCIe Root Port
2025-09-18T00:11:25.579377+00:00 johnnymusk kernel: pci 0000:00:17.4: PCI bridge to [bus 17]
2025-09-18T00:11:25.579380+00:00 johnnymusk kernel: pci 0000:00:17.4:   bridge window [mem 0xfc200000-0xfc2fffff]
2025-09-18T00:11:25.579380+00:00 johnnymusk kernel: pci 0000:00:17.4:   bridge window [mem 0xe6800000-0xe68fffff 64bit pref]
2025-09-18T00:11:25.579381+00:00 johnnymusk kernel: pci 0000:00:17.4: PME# supported from D0 D3hot D3cold
2025-09-18T00:11:25.579381+00:00 johnnymusk kernel: pci 0000:00:17.5: [15ad:07a0] type 01 class 0x060400 PCIe Root Port
2025-09-18T00:11:25.579381+00:00 johnnymusk kernel: pci 0000:00:17.5: PCI bridge to [bus 18]
2025-09-18T00:11:25.579381+00:00 johnnymusk kernel: pci 0000:00:17.5:   bridge window [mem 0xfbe00000-0xfbefffff]
2025-09-18T00:11:25.579381+00:00 johnnymusk kernel: pci 0000:00:17.5:   bridge window [mem 0xe6400000-0xe64fffff 64bit pref]
2025-09-18T00:11:25.579384+00:00 johnnymusk kernel: pci 0000:00:17.5: PME# supported from D0 D3hot D3cold
2025-09-18T00:11:25.579385+00:00 johnnymusk kernel: pci 0000:00:17.6: [15ad:07a0] type 01 class 0x060400 PCIe Root Port
2025-09-18T00:11:25.579385+00:00 johnnymusk kernel: pci 0000:00:17.6: PCI bridge to [bus 19]
2025-09-18T00:11:25.579385+00:00 johnnymusk kernel: pci 0000:00:17.6:   bridge window [mem 0xfba00000-0xfbafffff]
2025-09-18T00:11:25.579386+00:00 johnnymusk kernel: pci 0000:00:17.6:   bridge window [mem 0xe6000000-0xe60fffff 64bit pref]
2025-09-18T00:11:25.579386+00:00 johnnymusk kernel: pci 0000:00:17.6: PME# supported from D0 D3hot D3cold
2025-09-18T00:11:25.579389+00:00 johnnymusk kernel: pci 0000:00:17.7: [15ad:07a0] type 01 class 0x060400 PCIe Root Port
2025-09-18T00:11:25.579389+00:00 johnnymusk kernel: pci 0000:00:17.7: PCI bridge to [bus 1a]
2025-09-18T00:11:25.579390+00:00 johnnymusk kernel: pci 0000:00:17.7:   bridge window [mem 0xfb600000-0xfb6fffff]
2025-09-18T00:11:25.579390+00:00 johnnymusk kernel: pci 0000:00:17.7:   bridge window [mem 0xe5c00000-0xe5cfffff 64bit pref]
2025-09-18T00:11:25.579390+00:00 johnnymusk kernel: pci 0000:00:17.7: PME# supported from D0 D3hot D3cold
2025-09-18T00:11:25.579390+00:00 johnnymusk kernel: pci 0000:00:18.0: [15ad:07a0] type 01 class 0x060400 PCIe Root Port
2025-09-18T00:11:25.579393+00:00 johnnymusk kernel: pci 0000:00:18.0: PCI bridge to [bus 1b]
2025-09-18T00:11:25.579394+00:00 johnnymusk kernel: pci 0000:00:18.0:   bridge window [io  0x7000-0x7fff]
2025-09-18T00:11:25.579394+00:00 johnnymusk kernel: pci 0000:00:18.0:   bridge window [mem 0xfd100000-0xfd1fffff]
2025-09-18T00:11:25.579394+00:00 johnnymusk kernel: pci 0000:00:18.0:   bridge window [mem 0xe7700000-0xe77fffff 64bit pref]
2025-09-18T00:11:25.579394+00:00 johnnymusk kernel: pci 0000:00:18.0: PME# supported from D0 D3hot D3cold
2025-09-18T00:11:25.579395+00:00 johnnymusk kernel: pci 0000:00:18.1: [15ad:07a0] type 01 class 0x060400 PCIe Root Port
2025-09-18T00:11:25.579395+00:00 johnnymusk kernel: pci 0000:00:18.1: PCI bridge to [bus 1c]
2025-09-18T00:11:25.579397+00:00 johnnymusk kernel: pci 0000:00:18.1:   bridge window [io  0xb000-0xbfff]
2025-09-18T00:11:25.579398+00:00 johnnymusk kernel: pci 0000:00:18.1:   bridge window [mem 0xfcd00000-0xfcdfffff]
2025-09-18T00:11:25.579398+00:00 johnnymusk kernel: pci 0000:00:18.1:   bridge window [mem 0xe7300000-0xe73fffff 64bit pref]
2025-09-18T00:11:25.579399+00:00 johnnymusk kernel: pci 0000:00:18.1: PME# supported from D0 D3hot D3cold
2025-09-18T00:11:25.579399+00:00 johnnymusk kernel: pci 0000:00:18.2: [15ad:07a0] type 01 class 0x060400 PCIe Root Port
2025-09-18T00:11:25.579399+00:00 johnnymusk kernel: pci 0000:00:18.2: PCI bridge to [bus 1d]
2025-09-18T00:11:25.579402+00:00 johnnymusk kernel: pci 0000:00:18.2:   bridge window [mem 0xfc900000-0xfc9fffff]
2025-09-18T00:11:25.579403+00:00 johnnymusk kernel: pci 0000:00:18.2:   bridge window [mem 0xe6f00000-0xe6ffffff 64bit pref]
2025-09-18T00:11:25.579403+00:00 johnnymusk kernel: pci 0000:00:18.2: PME# supported from D0 D3hot D3cold
2025-09-18T00:11:25.579403+00:00 johnnymusk kernel: pci 0000:00:18.3: [15ad:07a0] type 01 class 0x060400 PCIe Root Port
2025-09-18T00:11:25.579403+00:00 johnnymusk kernel: pci 0000:00:18.3: PCI bridge to [bus 1e]
2025-09-18T00:11:25.579403+00:00 johnnymusk kernel: pci 0000:00:18.3:   bridge window [mem 0xfc500000-0xfc5fffff]
2025-09-18T00:11:25.579404+00:00 johnnymusk kernel: pci 0000:00:18.3:   bridge window [mem 0xe6b00000-0xe6bfffff 64bit pref]
2025-09-18T00:11:25.579406+00:00 johnnymusk kernel: pci 0000:00:18.3: PME# supported from D0 D3hot D3cold
2025-09-18T00:11:25.579407+00:00 johnnymusk kernel: pci 0000:00:18.4: [15ad:07a0] type 01 class 0x060400 PCIe Root Port
2025-09-18T00:11:25.579407+00:00 johnnymusk kernel: pci 0000:00:18.4: PCI bridge to [bus 1f]
2025-09-18T00:11:25.579408+00:00 johnnymusk kernel: pci 0000:00:18.4:   bridge window [mem 0xfc100000-0xfc1fffff]
2025-09-18T00:11:25.579408+00:00 johnnymusk kernel: pci 0000:00:18.4:   bridge window [mem 0xe6700000-0xe67fffff 64bit pref]
2025-09-18T00:11:25.579408+00:00 johnnymusk kernel: pci 0000:00:18.4: PME# supported from D0 D3hot D3cold
2025-09-18T00:11:25.579411+00:00 johnnymusk kernel: pci 0000:00:18.5: [15ad:07a0] type 01 class 0x060400 PCIe Root Port
2025-09-18T00:11:25.579411+00:00 johnnymusk kernel: pci 0000:00:18.5: PCI bridge to [bus 20]
2025-09-18T00:11:25.579412+00:00 johnnymusk kernel: pci 0000:00:18.5:   bridge window [mem 0xfbd00000-0xfbdfffff]
2025-09-18T00:11:25.579412+00:00 johnnymusk kernel: pci 0000:00:18.5:   bridge window [mem 0xe6300000-0xe63fffff 64bit pref]
2025-09-18T00:11:25.579412+00:00 johnnymusk kernel: pci 0000:00:18.5: PME# supported from D0 D3hot D3cold
2025-09-18T00:11:25.579412+00:00 johnnymusk kernel: pci 0000:00:18.6: [15ad:07a0] type 01 class 0x060400 PCIe Root Port
2025-09-18T00:11:25.579415+00:00 johnnymusk kernel: pci 0000:00:18.6: PCI bridge to [bus 21]
2025-09-18T00:11:25.579416+00:00 johnnymusk kernel: pci 0000:00:18.6:   bridge window [mem 0xfb900000-0xfb9fffff]
2025-09-18T00:11:25.579416+00:00 johnnymusk kernel: pci 0000:00:18.6:   bridge window [mem 0xe5f00000-0xe5ffffff 64bit pref]
2025-09-18T00:11:25.579416+00:00 johnnymusk kernel: pci 0000:00:18.6: PME# supported from D0 D3hot D3cold
2025-09-18T00:11:25.579416+00:00 johnnymusk kernel: pci 0000:00:18.7: [15ad:07a0] type 01 class 0x060400 PCIe Root Port
2025-09-18T00:11:25.579417+00:00 johnnymusk kernel: pci 0000:00:18.7: PCI bridge to [bus 22]
2025-09-18T00:11:25.579417+00:00 johnnymusk kernel: pci 0000:00:18.7:   bridge window [mem 0xfb500000-0xfb5fffff]
2025-09-18T00:11:25.579419+00:00 johnnymusk kernel: pci 0000:00:18.7:   bridge window [mem 0xe5b00000-0xe5bfffff 64bit pref]
2025-09-18T00:11:25.579420+00:00 johnnymusk kernel: pci 0000:00:18.7: PME# supported from D0 D3hot D3cold
2025-09-18T00:11:25.579421+00:00 johnnymusk kernel: pci_bus 0000:01: extended config space not accessible
2025-09-18T00:11:25.579421+00:00 johnnymusk kernel: pci 0000:00:01.0: PCI bridge to [bus 01]
2025-09-18T00:11:25.579421+00:00 johnnymusk kernel: pci_bus 0000:02: extended config space not accessible
2025-09-18T00:11:25.579421+00:00 johnnymusk kernel: acpiphp: Slot [32] registered
2025-09-18T00:11:25.579424+00:00 johnnymusk kernel: acpiphp: Slot [33] registered
2025-09-18T00:11:25.579425+00:00 johnnymusk kernel: acpiphp: Slot [34] registered
2025-09-18T00:11:25.579425+00:00 johnnymusk kernel: acpiphp: Slot [35] registered
2025-09-18T00:11:25.579425+00:00 johnnymusk kernel: acpiphp: Slot [36] registered
2025-09-18T00:11:25.579426+00:00 johnnymusk kernel: acpiphp: Slot [37] registered
2025-09-18T00:11:25.579426+00:00 johnnymusk kernel: acpiphp: Slot [38] registered
2025-09-18T00:11:25.579426+00:00 johnnymusk kernel: acpiphp: Slot [39] registered
2025-09-18T00:11:25.579429+00:00 johnnymusk kernel: acpiphp: Slot [40] registered
2025-09-18T00:11:25.579430+00:00 johnnymusk kernel: acpiphp: Slot [41] registered
2025-09-18T00:11:25.579430+00:00 johnnymusk kernel: acpiphp: Slot [42] registered
2025-09-18T00:11:25.579430+00:00 johnnymusk kernel: acpiphp: Slot [43] registered
2025-09-18T00:11:25.579430+00:00 johnnymusk kernel: acpiphp: Slot [44] registered
2025-09-18T00:11:25.579430+00:00 johnnymusk kernel: acpiphp: Slot [45] registered
2025-09-18T00:11:25.579433+00:00 johnnymusk kernel: acpiphp: Slot [46] registered
2025-09-18T00:11:25.579434+00:00 johnnymusk kernel: acpiphp: Slot [47] registered
2025-09-18T00:11:25.579434+00:00 johnnymusk kernel: acpiphp: Slot [48] registered
2025-09-18T00:11:25.579434+00:00 johnnymusk kernel: acpiphp: Slot [49] registered
2025-09-18T00:11:25.579435+00:00 johnnymusk kernel: acpiphp: Slot [50] registered
2025-09-18T00:11:25.579435+00:00 johnnymusk kernel: acpiphp: Slot [51] registered
2025-09-18T00:11:25.579437+00:00 johnnymusk kernel: acpiphp: Slot [52] registered
2025-09-18T00:11:25.579438+00:00 johnnymusk kernel: acpiphp: Slot [53] registered
2025-09-18T00:11:25.579439+00:00 johnnymusk kernel: acpiphp: Slot [54] registered
2025-09-18T00:11:25.579439+00:00 johnnymusk kernel: acpiphp: Slot [55] registered
2025-09-18T00:11:25.579439+00:00 johnnymusk kernel: acpiphp: Slot [56] registered
2025-09-18T00:11:25.579439+00:00 johnnymusk kernel: acpiphp: Slot [57] registered
2025-09-18T00:11:25.579439+00:00 johnnymusk kernel: acpiphp: Slot [58] registered
2025-09-18T00:11:25.579442+00:00 johnnymusk kernel: acpiphp: Slot [59] registered
2025-09-18T00:11:25.579443+00:00 johnnymusk kernel: acpiphp: Slot [60] registered
2025-09-18T00:11:25.579443+00:00 johnnymusk kernel: acpiphp: Slot [61] registered
2025-09-18T00:11:25.579443+00:00 johnnymusk kernel: acpiphp: Slot [62] registered
2025-09-18T00:11:25.579456+00:00 johnnymusk kernel: acpiphp: Slot [63] registered
2025-09-18T00:11:25.579457+00:00 johnnymusk kernel: pci 0000:02:00.0: [15ad:0774] type 00 class 0x0c0300 conventional PCI endpoint
2025-09-18T00:11:25.579461+00:00 johnnymusk kernel: pci 0000:02:00.0: BAR 4 [io  0x2080-0x209f]
2025-09-18T00:11:25.579462+00:00 johnnymusk kernel: pci 0000:02:01.0: [8086:100f] type 00 class 0x020000 conventional PCI endpoint
2025-09-18T00:11:25.579462+00:00 johnnymusk kernel: pci 0000:02:01.0: BAR 0 [mem 0xfd5c0000-0xfd5dffff 64bit]
2025-09-18T00:11:25.579463+00:00 johnnymusk kernel: pci 0000:02:01.0: BAR 2 [mem 0xfdff0000-0xfdffffff 64bit]
2025-09-18T00:11:25.579463+00:00 johnnymusk kernel: pci 0000:02:01.0: BAR 4 [io  0x2000-0x203f]
2025-09-18T00:11:25.579464+00:00 johnnymusk kernel: pci 0000:02:01.0: ROM [mem 0x00000000-0x0000ffff pref]
2025-09-18T00:11:25.579464+00:00 johnnymusk kernel: pci 0000:02:01.0: PME# supported from D0 D3hot D3cold
2025-09-18T00:11:25.579467+00:00 johnnymusk kernel: pci 0000:02:02.0: [1274:1371] type 00 class 0x040100 conventional PCI endpoint
2025-09-18T00:11:25.579468+00:00 johnnymusk kernel: pci 0000:02:02.0: BAR 0 [io  0x2040-0x207f]
2025-09-18T00:11:25.579468+00:00 johnnymusk kernel: pci 0000:02:03.0: [15ad:0770] type 00 class 0x0c0320 conventional PCI endpoint
2025-09-18T00:11:25.579468+00:00 johnnymusk kernel: pci 0000:02:03.0: BAR 0 [mem 0xfd5ef000-0xfd5effff]
2025-09-18T00:11:25.579468+00:00 johnnymusk kernel: pci 0000:02:04.0: [15ad:07e0] type 00 class 0x010601 conventional PCI endpoint
2025-09-18T00:11:25.579469+00:00 johnnymusk kernel: pci 0000:02:04.0: BAR 5 [mem 0xfd5ee000-0xfd5eefff]
2025-09-18T00:11:25.579471+00:00 johnnymusk kernel: pci 0000:02:04.0: ROM [mem 0x00000000-0x0000ffff pref]
2025-09-18T00:11:25.579472+00:00 johnnymusk kernel: pci 0000:02:04.0: PME# supported from D3hot
2025-09-18T00:11:25.579472+00:00 johnnymusk kernel: pci 0000:00:11.0: PCI bridge to [bus 02] (subtractive decode)
2025-09-18T00:11:25.579495+00:00 johnnymusk kernel: pci 0000:00:11.0:   bridge window [mem 0x000a0000-0x000bffff window] (subtractive decode)
2025-09-18T00:11:25.579495+00:00 johnnymusk kernel: pci 0000:00:11.0:   bridge window [mem 0x000d0000-0x000dbfff window] (subtractive decode)
2025-09-18T00:11:25.579496+00:00 johnnymusk kernel: pci 0000:00:11.0:   bridge window [mem 0xc0000000-0xfebfffff window] (subtractive decode)
2025-09-18T00:11:25.579499+00:00 johnnymusk kernel: pci 0000:00:11.0:   bridge window [io  0x0000-0x0cf7 window] (subtractive decode)
2025-09-18T00:11:25.579500+00:00 johnnymusk kernel: pci 0000:00:11.0:   bridge window [io  0x0d00-0xfeff window] (subtractive decode)
2025-09-18T00:11:25.579500+00:00 johnnymusk kernel: pci 0000:00:15.0: PCI bridge to [bus 03]
2025-09-18T00:11:25.579500+00:00 johnnymusk kernel: pci 0000:00:15.1: PCI bridge to [bus 04]
2025-09-18T00:11:25.579500+00:00 johnnymusk kernel: pci 0000:00:15.2: PCI bridge to [bus 05]
2025-09-18T00:11:25.579501+00:00 johnnymusk kernel: pci 0000:00:15.3: PCI bridge to [bus 06]
2025-09-18T00:11:25.579501+00:00 johnnymusk kernel: pci 0000:00:15.4: PCI bridge to [bus 07]
2025-09-18T00:11:25.579505+00:00 johnnymusk kernel: pci 0000:00:15.5: PCI bridge to [bus 08]
2025-09-18T00:11:25.579506+00:00 johnnymusk kernel: pci 0000:00:15.6: PCI bridge to [bus 09]
2025-09-18T00:11:25.579507+00:00 johnnymusk kernel: pci 0000:00:15.7: PCI bridge to [bus 0a]
2025-09-18T00:11:25.579507+00:00 johnnymusk kernel: pci 0000:00:16.0: PCI bridge to [bus 0b]
2025-09-18T00:11:25.579507+00:00 johnnymusk kernel: pci 0000:00:16.1: PCI bridge to [bus 0c]
2025-09-18T00:11:25.579507+00:00 johnnymusk kernel: pci 0000:00:16.2: PCI bridge to [bus 0d]
2025-09-18T00:11:25.579510+00:00 johnnymusk kernel: pci 0000:00:16.3: PCI bridge to [bus 0e]
2025-09-18T00:11:25.579511+00:00 johnnymusk kernel: pci 0000:00:16.4: PCI bridge to [bus 0f]
2025-09-18T00:11:25.579511+00:00 johnnymusk kernel: pci 0000:00:16.5: PCI bridge to [bus 10]
2025-09-18T00:11:25.579511+00:00 johnnymusk kernel: pci 0000:00:16.6: PCI bridge to [bus 11]
2025-09-18T00:11:25.579511+00:00 johnnymusk kernel: pci 0000:00:16.7: PCI bridge to [bus 12]
2025-09-18T00:11:25.579512+00:00 johnnymusk kernel: pci 0000:00:17.0: PCI bridge to [bus 13]
2025-09-18T00:11:25.579512+00:00 johnnymusk kernel: pci 0000:00:17.1: PCI bridge to [bus 14]
2025-09-18T00:11:25.579515+00:00 johnnymusk kernel: pci 0000:00:17.2: PCI bridge to [bus 15]
2025-09-18T00:11:25.579516+00:00 johnnymusk kernel: pci 0000:00:17.3: PCI bridge to [bus 16]
2025-09-18T00:11:25.579516+00:00 johnnymusk kernel: pci 0000:00:17.4: PCI bridge to [bus 17]
2025-09-18T00:11:25.579516+00:00 johnnymusk kernel: pci 0000:00:17.5: PCI bridge to [bus 18]
2025-09-18T00:11:25.579516+00:00 johnnymusk kernel: pci 0000:00:17.6: PCI bridge to [bus 19]
2025-09-18T00:11:25.579516+00:00 johnnymusk kernel: pci 0000:00:17.7: PCI bridge to [bus 1a]
2025-09-18T00:11:25.579519+00:00 johnnymusk kernel: pci 0000:00:18.0: PCI bridge to [bus 1b]
2025-09-18T00:11:25.579520+00:00 johnnymusk kernel: pci 0000:00:18.1: PCI bridge to [bus 1c]
2025-09-18T00:11:25.579520+00:00 johnnymusk kernel: pci 0000:00:18.2: PCI bridge to [bus 1d]
2025-09-18T00:11:25.579520+00:00 johnnymusk kernel: pci 0000:00:18.3: PCI bridge to [bus 1e]
2025-09-18T00:11:25.579520+00:00 johnnymusk kernel: pci 0000:00:18.4: PCI bridge to [bus 1f]
2025-09-18T00:11:25.579521+00:00 johnnymusk kernel: pci 0000:00:18.5: PCI bridge to [bus 20]
2025-09-18T00:11:25.579523+00:00 johnnymusk kernel: pci 0000:00:18.6: PCI bridge to [bus 21]
2025-09-18T00:11:25.579524+00:00 johnnymusk kernel: pci 0000:00:18.7: PCI bridge to [bus 22]
2025-09-18T00:11:25.579524+00:00 johnnymusk kernel: ACPI: PCI: Interrupt link LNKA configured for IRQ 9
2025-09-18T00:11:25.579525+00:00 johnnymusk kernel: ACPI: PCI: Interrupt link LNKB configured for IRQ 11
2025-09-18T00:11:25.579525+00:00 johnnymusk kernel: ACPI: PCI: Interrupt link LNKC configured for IRQ 10
2025-09-18T00:11:25.579525+00:00 johnnymusk kernel: ACPI: PCI: Interrupt link LNKD configured for IRQ 7
2025-09-18T00:11:25.579525+00:00 johnnymusk kernel: iommu: Default domain type: Translated
